#
# There is insufficient memory for the Java Runtime Environment to continue.
# Native memory allocation (malloc) failed to allocate 499680 bytes for Chunk::new
# Possible reasons:
#   The system is out of physical RAM or swap space
#   The process is running with CompressedOops enabled, and the Java Heap may be blocking the growth of the native heap
# Possible solutions:
#   Reduce memory load on the system
#   Increase physical memory or swap space
#   Check if swap backing store is full
#   Decrease Java heap size (-Xmx/-Xms)
#   Decrease number of Java threads
#   Decrease Java thread stack sizes (-Xss)
#   Set larger code cache with -XX:ReservedCodeCacheSize=
#   JVM is running with Unscaled Compressed Oops mode in which the Java heap is
#     placed in the first 4GB address space. The Java Heap base address is the
#     maximum limit for the native heap growth. Please use -XX:HeapBaseMinAddress
#     to set the Java Heap base and to place the Java Heap above 4GB virtual address.
# This output file may be truncated or incomplete.
#
#  Out of Memory Error (arena.cpp:168), pid=26316, tid=25856
#
# JRE version: Java(TM) SE Runtime Environment (21.0.2+13) (build 21.0.2+13-LTS-58)
# Java VM: Java HotSpot(TM) 64-Bit Server VM (21.0.2+13-LTS-58, mixed mode, sharing, tiered, compressed oops, compressed class ptrs, g1 gc, windows-amd64)
# No core dump will be written. Minidumps are not enabled by default on client versions of Windows
#

---------------  S U M M A R Y ------------

Command Line: --add-opens=java.base/java.lang=ALL-UNNAMED --add-opens=java.base/java.lang.invoke=ALL-UNNAMED --add-opens=java.base/java.util=ALL-UNNAMED --add-opens=java.prefs/java.util.prefs=ALL-UNNAMED --add-exports=jdk.compiler/com.sun.tools.javac.api=ALL-UNNAMED --add-exports=jdk.compiler/com.sun.tools.javac.util=ALL-UNNAMED --add-opens=java.base/java.util=ALL-UNNAMED --add-opens=java.prefs/java.util.prefs=ALL-UNNAMED --add-opens=java.base/java.nio.charset=ALL-UNNAMED --add-opens=java.base/java.net=ALL-UNNAMED --add-opens=java.base/java.util.concurrent.atomic=ALL-UNNAMED --add-opens=java.xml/javax.xml.namespace=ALL-UNNAMED -XX:MaxMetaspaceSize=384m -XX:+HeapDumpOnOutOfMemoryError -Xms256m -Xmx512m -Dfile.encoding=UTF-8 -Duser.country=KR -Duser.language=ko -Duser.variant -javaagent:C:\Users\DAMIN\.gradle\wrapper\dists\gradle-8.14.3-bin\cv11ve7ro1n3o1j4so8xd9n66\gradle-8.14.3\lib\agents\gradle-instrumentation-agent-8.14.3.jar org.gradle.launcher.daemon.bootstrap.GradleDaemon 8.14.3

Host: Intel(R) Core(TM) i5-10210U CPU @ 1.60GHz, 8 cores, 15G,  Windows 10 , 64 bit Build 19041 (10.0.19041.5915)
Time: Thu Nov 20 06:16:04 2025  Windows 10 , 64 bit Build 19041 (10.0.19041.5915) elapsed time: 131.483728 seconds (0d 0h 2m 11s)

---------------  T H R E A D  ---------------

Current thread (0x00000224caec7960):  JavaThread "C2 CompilerThread0" daemon [_thread_in_native, id=25856, stack(0x000000ff12800000,0x000000ff12900000) (1024K)]


Current CompileTask:
C2: 131484 4936       4       java.lang.invoke.InvokerBytecodeGenerator::emitStaticInvoke (258 bytes)

Stack: [0x000000ff12800000,0x000000ff12900000]
Native frames: (J=compiled Java code, j=interpreted, Vv=VM code, C=native code)
V  [jvm.dll+0x6cade9]
V  [jvm.dll+0x8569c1]
V  [jvm.dll+0x858d2e]
V  [jvm.dll+0x859413]
V  [jvm.dll+0x280e56]
V  [jvm.dll+0xc3f3d]
V  [jvm.dll+0xc4473]
V  [jvm.dll+0x3b5c2c]
V  [jvm.dll+0x382855]
V  [jvm.dll+0x381cca]
V  [jvm.dll+0x249bd0]
V  [jvm.dll+0x2491b1]
V  [jvm.dll+0x1c9634]
V  [jvm.dll+0x258859]
V  [jvm.dll+0x256e3a]
V  [jvm.dll+0x3ef6c6]
V  [jvm.dll+0x7ff568]
V  [jvm.dll+0x6c953d]
C  [ucrtbase.dll+0x21bb2]
C  [KERNEL32.DLL+0x17374]
C  [ntdll.dll+0x4cc91]


---------------  P R O C E S S  ---------------

Threads class SMR info:
_java_thread_list=0x00000224e763d920, length=37, elements={
0x00000224b02cedc0, 0x00000224caec14e0, 0x00000224caec2140, 0x00000224caec4cb0,
0x00000224caec5710, 0x00000224caec6170, 0x00000224caec6bd0, 0x00000224caec7960,
0x00000224caeca410, 0x00000224caeee4b0, 0x00000224e41d5710, 0x00000224e587dc30,
0x00000224e587bb60, 0x00000224e587c1f0, 0x00000224e587c880, 0x00000224e587a7b0,
0x00000224e587d5a0, 0x00000224e587ae40, 0x00000224e587b4d0, 0x00000224e5a95070,
0x00000224e5a96ab0, 0x00000224e5a93cc0, 0x00000224e5a92910, 0x00000224e5a97e60,
0x00000224e5a94350, 0x00000224e5a977d0, 0x00000224e5a97140, 0x00000224e5a984f0,
0x00000224e5a99210, 0x00000224e5a92280, 0x00000224e5a98b80, 0x00000224e5a95700,
0x00000224e5a998a0, 0x00000224e5a92fa0, 0x00000224e5a93630, 0x00000224e7a0cdc0,
0x00000224e7a13030
}

Java Threads: ( => current thread )
  0x00000224b02cedc0 JavaThread "main"                              [_thread_blocked, id=22324, stack(0x000000ff11a00000,0x000000ff11b00000) (1024K)]
  0x00000224caec14e0 JavaThread "Reference Handler"          daemon [_thread_blocked, id=38548, stack(0x000000ff12200000,0x000000ff12300000) (1024K)]
  0x00000224caec2140 JavaThread "Finalizer"                  daemon [_thread_blocked, id=25236, stack(0x000000ff12300000,0x000000ff12400000) (1024K)]
  0x00000224caec4cb0 JavaThread "Signal Dispatcher"          daemon [_thread_blocked, id=31908, stack(0x000000ff12400000,0x000000ff12500000) (1024K)]
  0x00000224caec5710 JavaThread "Attach Listener"            daemon [_thread_blocked, id=25652, stack(0x000000ff12500000,0x000000ff12600000) (1024K)]
  0x00000224caec6170 JavaThread "Service Thread"             daemon [_thread_blocked, id=3416, stack(0x000000ff12600000,0x000000ff12700000) (1024K)]
  0x00000224caec6bd0 JavaThread "Monitor Deflation Thread"   daemon [_thread_blocked, id=14020, stack(0x000000ff12700000,0x000000ff12800000) (1024K)]
=>0x00000224caec7960 JavaThread "C2 CompilerThread0"         daemon [_thread_in_native, id=25856, stack(0x000000ff12800000,0x000000ff12900000) (1024K)]
  0x00000224caeca410 JavaThread "C1 CompilerThread0"         daemon [_thread_blocked, id=33172, stack(0x000000ff12900000,0x000000ff12a00000) (1024K)]
  0x00000224caeee4b0 JavaThread "Common-Cleaner"             daemon [_thread_blocked, id=1616, stack(0x000000ff12a00000,0x000000ff12b00000) (1024K)]
  0x00000224e41d5710 JavaThread "Notification Thread"        daemon [_thread_blocked, id=24868, stack(0x000000ff12b00000,0x000000ff12c00000) (1024K)]
  0x00000224e587dc30 JavaThread "Daemon health stats"               [_thread_blocked, id=18512, stack(0x000000ff12c00000,0x000000ff12d00000) (1024K)]
  0x00000224e587bb60 JavaThread "Incoming local TCP Connector on port 3660"        [_thread_in_native, id=25584, stack(0x000000ff13200000,0x000000ff13300000) (1024K)]
  0x00000224e587c1f0 JavaThread "Daemon periodic checks"            [_thread_blocked, id=24092, stack(0x000000ff13400000,0x000000ff13500000) (1024K)]
  0x00000224e587c880 JavaThread "Daemon"                            [_thread_blocked, id=14468, stack(0x000000ff13300000,0x000000ff13400000) (1024K)]
  0x00000224e587a7b0 JavaThread "Handler for socket connection from /127.0.0.1:3660 to /127.0.0.1:3661"        [_thread_in_native, id=7592, stack(0x000000ff13500000,0x000000ff13600000) (1024K)]
  0x00000224e587d5a0 JavaThread "Cancel handler"                    [_thread_blocked, id=4640, stack(0x000000ff13600000,0x000000ff13700000) (1024K)]
  0x00000224e587ae40 JavaThread "Daemon worker"                     [_thread_in_Java, id=33024, stack(0x000000ff13700000,0x000000ff13800000) (1024K)]
  0x00000224e587b4d0 JavaThread "Asynchronous log dispatcher for DefaultDaemonConnection: socket connection from /127.0.0.1:3660 to /127.0.0.1:3661"        [_thread_blocked, id=30804, stack(0x000000ff13800000,0x000000ff13900000) (1024K)]
  0x00000224e5a95070 JavaThread "Stdin handler"                     [_thread_blocked, id=26644, stack(0x000000ff13900000,0x000000ff13a00000) (1024K)]
  0x00000224e5a96ab0 JavaThread "Daemon client event forwarder"        [_thread_blocked, id=34096, stack(0x000000ff13a00000,0x000000ff13b00000) (1024K)]
  0x00000224e5a93cc0 JavaThread "Cache worker for journal cache (C:\Users\DAMIN\.gradle\caches\journal-1)"        [_thread_blocked, id=26812, stack(0x000000ff13b00000,0x000000ff13c00000) (1024K)]
  0x00000224e5a92910 JavaThread "File lock request listener"        [_thread_in_native, id=7176, stack(0x000000ff13c00000,0x000000ff13d00000) (1024K)]
  0x00000224e5a97e60 JavaThread "File lock release action executor"        [_thread_blocked, id=38464, stack(0x000000ff13d00000,0x000000ff13e00000) (1024K)]
  0x00000224e5a94350 JavaThread "Cache worker for file hash cache (C:\Users\DAMIN\.gradle\caches\8.14.3\fileHashes)"        [_thread_blocked, id=36268, stack(0x000000ff13e00000,0x000000ff13f00000) (1024K)]
  0x00000224e5a977d0 JavaThread "Cache worker for file hash cache (C:\dev\workspace\minifarm\.gradle\8.14.3\fileHashes)"        [_thread_blocked, id=23736, stack(0x000000ff14200000,0x000000ff14300000) (1024K)]
  0x00000224e5a97140 JavaThread "Cache worker for Build Output Cleanup Cache (C:\dev\workspace\minifarm\.gradle\buildOutputCleanup)"        [_thread_blocked, id=23160, stack(0x000000ff14300000,0x000000ff14400000) (1024K)]
  0x00000224e5a984f0 JavaThread "File watcher server"        daemon [_thread_in_native, id=37600, stack(0x000000ff11700000,0x000000ff11800000) (1024K)]
  0x00000224e5a99210 JavaThread "File watcher consumer"      daemon [_thread_blocked, id=17488, stack(0x000000ff14400000,0x000000ff14500000) (1024K)]
  0x00000224e5a92280 JavaThread "jar transforms"                    [_thread_blocked, id=23460, stack(0x000000ff14500000,0x000000ff14600000) (1024K)]
  0x00000224e5a98b80 JavaThread "jar transforms Thread 2"           [_thread_blocked, id=15116, stack(0x000000ff14600000,0x000000ff14700000) (1024K)]
  0x00000224e5a95700 JavaThread "Daemon Thread 2"                   [_thread_blocked, id=21312, stack(0x000000ff14700000,0x000000ff14800000) (1024K)]
  0x00000224e5a998a0 JavaThread "Cache worker for checksums cache (C:\dev\workspace\minifarm\.gradle\8.14.3\checksums)"        [_thread_blocked, id=28140, stack(0x000000ff11800000,0x000000ff11900000) (1024K)]
  0x00000224e5a92fa0 JavaThread "Cache worker for file content cache (C:\Users\DAMIN\.gradle\caches\8.14.3\fileContent)"        [_thread_blocked, id=22888, stack(0x000000ff11900000,0x000000ff11a00000) (1024K)]
  0x00000224e5a93630 JavaThread "jar transforms Thread 3"           [_thread_blocked, id=33968, stack(0x000000ff14800000,0x000000ff14900000) (1024K)]
  0x00000224e7a0cdc0 JavaThread "Cache worker for cache directory md-supplier (C:\Users\DAMIN\.gradle\caches\8.14.3\md-supplier)"        [_thread_blocked, id=14916, stack(0x000000ff14900000,0x000000ff14a00000) (1024K)]
  0x00000224e7a13030 JavaThread "Cache worker for cache directory md-rule (C:\Users\DAMIN\.gradle\caches\8.14.3\md-rule)"        [_thread_blocked, id=38152, stack(0x000000ff14a00000,0x000000ff14b00000) (1024K)]
Total: 37

Other Threads:
  0x00000224cae9fb90 VMThread "VM Thread"                           [id=29544, stack(0x000000ff12100000,0x000000ff12200000) (1024K)]
  0x00000224cae85320 WatcherThread "VM Periodic Task Thread"        [id=7748, stack(0x000000ff12000000,0x000000ff12100000) (1024K)]
  0x00000224b02fa1c0 WorkerThread "GC Thread#0"                     [id=5372, stack(0x000000ff11b00000,0x000000ff11c00000) (1024K)]
  0x00000224e43cba10 WorkerThread "GC Thread#1"                     [id=21552, stack(0x000000ff12d00000,0x000000ff12e00000) (1024K)]
  0x00000224e46b4760 WorkerThread "GC Thread#2"                     [id=28776, stack(0x000000ff12e00000,0x000000ff12f00000) (1024K)]
  0x00000224e46b4b00 WorkerThread "GC Thread#3"                     [id=31344, stack(0x000000ff12f00000,0x000000ff13000000) (1024K)]
  0x00000224e451d300 WorkerThread "GC Thread#4"                     [id=20484, stack(0x000000ff13000000,0x000000ff13100000) (1024K)]
  0x00000224e451d6a0 WorkerThread "GC Thread#5"                     [id=11732, stack(0x000000ff13100000,0x000000ff13200000) (1024K)]
  0x00000224e6b95a10 WorkerThread "GC Thread#6"                     [id=14116, stack(0x000000ff13f00000,0x000000ff14000000) (1024K)]
  0x00000224e6b94b90 WorkerThread "GC Thread#7"                     [id=5412, stack(0x000000ff14000000,0x000000ff14100000) (1024K)]
  0x00000224b02fff60 ConcurrentGCThread "G1 Main Marker"            [id=23232, stack(0x000000ff11c00000,0x000000ff11d00000) (1024K)]
  0x00000224b0301820 WorkerThread "G1 Conc#0"                       [id=35132, stack(0x000000ff11d00000,0x000000ff11e00000) (1024K)]
  0x00000224e6b947f0 WorkerThread "G1 Conc#1"                       [id=7956, stack(0x000000ff14100000,0x000000ff14200000) (1024K)]
  0x00000224cad5d530 ConcurrentGCThread "G1 Refine#0"               [id=27156, stack(0x000000ff11e00000,0x000000ff11f00000) (1024K)]
  0x00000224cad5de50 ConcurrentGCThread "G1 Service"                [id=12708, stack(0x000000ff11f00000,0x000000ff12000000) (1024K)]
Total: 15

Threads with active compile tasks:
C2 CompilerThread0   131717 4936       4       java.lang.invoke.InvokerBytecodeGenerator::emitStaticInvoke (258 bytes)
Total: 1

VM state: not at safepoint (normal execution)

VM Mutex/Monitor currently owned by a thread: None

Heap address: 0x00000000e0000000, size: 512 MB, Compressed Oops mode: 32-bit

CDS archive(s) mapped at: [0x00000224cb000000-0x00000224cbc90000-0x00000224cbc90000), size 13172736, SharedBaseAddress: 0x00000224cb000000, ArchiveRelocationMode: 1.
Compressed class space mapped at: 0x00000224cc000000-0x00000224e0000000, reserved size: 335544320
Narrow klass base: 0x00000224cb000000, Narrow klass shift: 0, Narrow klass range: 0x100000000

GC Precious Log:
 CardTable entry size: 512
 Card Set container configuration: InlinePtr #cards 5 size 8 Array Of Cards #cards 12 size 40 Howl #buckets 4 coarsen threshold 1843 Howl Bitmap #cards 512 size 80 coarsen threshold 460 Card regions per heap region 1 cards per card region 2048
 CPUs: 8 total, 8 available
 Memory: 16163M
 Large Page Support: Disabled
 NUMA Support: Disabled
 Compressed Oops: Enabled (32-bit)
 Heap Region Size: 1M
 Heap Min Capacity: 256M
 Heap Initial Capacity: 256M
 Heap Max Capacity: 512M
 Pre-touch: Disabled
 Parallel Workers: 8
 Concurrent Workers: 2
 Concurrent Refinement Workers: 8
 Periodic GC: Disabled

Heap:
 garbage-first heap   total 262144K, used 85513K [0x00000000e0000000, 0x0000000100000000)
  region size 1024K, 67 young (68608K), 17 survivors (17408K)
 Metaspace       used 40662K, committed 42112K, reserved 393216K
  class space    used 5754K, committed 6464K, reserved 327680K

Heap Regions: E=young(eden), S=young(survivor), O=old, HS=humongous(starts), HC=humongous(continues), CS=collection set, F=free, TAMS=top-at-mark-start, PB=parsable bottom
|   0|0x00000000e0000000, 0x00000000e0100000, 0x00000000e0100000|100%|HS|  |TAMS 0x00000000e0000000| PB 0x00000000e0000000| Complete 
|   1|0x00000000e0100000, 0x00000000e0200000, 0x00000000e0200000|100%|HC|  |TAMS 0x00000000e0100000| PB 0x00000000e0100000| Complete 
|   2|0x00000000e0200000, 0x00000000e0300000, 0x00000000e0300000|100%|HC|  |TAMS 0x00000000e0200000| PB 0x00000000e0200000| Complete 
|   3|0x00000000e0300000, 0x00000000e0400000, 0x00000000e0400000|100%| O|  |TAMS 0x00000000e0300000| PB 0x00000000e0300000| Untracked 
|   4|0x00000000e0400000, 0x00000000e0500000, 0x00000000e0500000|100%| O|  |TAMS 0x00000000e0400000| PB 0x00000000e0400000| Untracked 
|   5|0x00000000e0500000, 0x00000000e0600000, 0x00000000e0600000|100%| O|  |TAMS 0x00000000e0500000| PB 0x00000000e0500000| Untracked 
|   6|0x00000000e0600000, 0x00000000e0700000, 0x00000000e0700000|100%|HS|  |TAMS 0x00000000e0600000| PB 0x00000000e0600000| Complete 
|   7|0x00000000e0700000, 0x00000000e0700000, 0x00000000e0800000|  0%| F|  |TAMS 0x00000000e0700000| PB 0x00000000e0700000| Untracked 
|   8|0x00000000e0800000, 0x00000000e0900000, 0x00000000e0900000|100%| O|  |TAMS 0x00000000e0800000| PB 0x00000000e0800000| Untracked 
|   9|0x00000000e0900000, 0x00000000e0a00000, 0x00000000e0a00000|100%| O|  |TAMS 0x00000000e0900000| PB 0x00000000e0900000| Untracked 
|  10|0x00000000e0a00000, 0x00000000e0b00000, 0x00000000e0b00000|100%| O|  |TAMS 0x00000000e0a00000| PB 0x00000000e0a00000| Untracked 
|  11|0x00000000e0b00000, 0x00000000e0c00000, 0x00000000e0c00000|100%| O|  |TAMS 0x00000000e0b00000| PB 0x00000000e0b00000| Untracked 
|  12|0x00000000e0c00000, 0x00000000e0d00000, 0x00000000e0d00000|100%| O|  |TAMS 0x00000000e0c00000| PB 0x00000000e0c00000| Untracked 
|  13|0x00000000e0d00000, 0x00000000e0e00000, 0x00000000e0e00000|100%|HS|  |TAMS 0x00000000e0d00000| PB 0x00000000e0d00000| Complete 
|  14|0x00000000e0e00000, 0x00000000e0f00000, 0x00000000e0f00000|100%|HC|  |TAMS 0x00000000e0e00000| PB 0x00000000e0e00000| Complete 
|  15|0x00000000e0f00000, 0x00000000e0f00000, 0x00000000e1000000|  0%| F|  |TAMS 0x00000000e0f00000| PB 0x00000000e0f00000| Untracked 
|  16|0x00000000e1000000, 0x00000000e1000000, 0x00000000e1100000|  0%| F|  |TAMS 0x00000000e1000000| PB 0x00000000e1000000| Untracked 
|  17|0x00000000e1100000, 0x00000000e1200000, 0x00000000e1200000|100%| O|  |TAMS 0x00000000e1100000| PB 0x00000000e1100000| Untracked 
|  18|0x00000000e1200000, 0x00000000e1300000, 0x00000000e1300000|100%| O|  |TAMS 0x00000000e1200000| PB 0x00000000e1200000| Untracked 
|  19|0x00000000e1300000, 0x00000000e1400000, 0x00000000e1400000|100%| O|  |TAMS 0x00000000e1300000| PB 0x00000000e1300000| Untracked 
|  20|0x00000000e1400000, 0x00000000e1500000, 0x00000000e1500000|100%| O|  |TAMS 0x00000000e1400000| PB 0x00000000e1400000| Untracked 
|  21|0x00000000e1500000, 0x00000000e150c540, 0x00000000e1600000|  4%| O|  |TAMS 0x00000000e1500000| PB 0x00000000e1500000| Untracked 
|  22|0x00000000e1600000, 0x00000000e1600000, 0x00000000e1700000|  0%| F|  |TAMS 0x00000000e1600000| PB 0x00000000e1600000| Untracked 
|  23|0x00000000e1700000, 0x00000000e1700000, 0x00000000e1800000|  0%| F|  |TAMS 0x00000000e1700000| PB 0x00000000e1700000| Untracked 
|  24|0x00000000e1800000, 0x00000000e1800000, 0x00000000e1900000|  0%| F|  |TAMS 0x00000000e1800000| PB 0x00000000e1800000| Untracked 
|  25|0x00000000e1900000, 0x00000000e1900000, 0x00000000e1a00000|  0%| F|  |TAMS 0x00000000e1900000| PB 0x00000000e1900000| Untracked 
|  26|0x00000000e1a00000, 0x00000000e1a00000, 0x00000000e1b00000|  0%| F|  |TAMS 0x00000000e1a00000| PB 0x00000000e1a00000| Untracked 
|  27|0x00000000e1b00000, 0x00000000e1b00000, 0x00000000e1c00000|  0%| F|  |TAMS 0x00000000e1b00000| PB 0x00000000e1b00000| Untracked 
|  28|0x00000000e1c00000, 0x00000000e1c00000, 0x00000000e1d00000|  0%| F|  |TAMS 0x00000000e1c00000| PB 0x00000000e1c00000| Untracked 
|  29|0x00000000e1d00000, 0x00000000e1d00000, 0x00000000e1e00000|  0%| F|  |TAMS 0x00000000e1d00000| PB 0x00000000e1d00000| Untracked 
|  30|0x00000000e1e00000, 0x00000000e1e00000, 0x00000000e1f00000|  0%| F|  |TAMS 0x00000000e1e00000| PB 0x00000000e1e00000| Untracked 
|  31|0x00000000e1f00000, 0x00000000e1f00000, 0x00000000e2000000|  0%| F|  |TAMS 0x00000000e1f00000| PB 0x00000000e1f00000| Untracked 
|  32|0x00000000e2000000, 0x00000000e2000000, 0x00000000e2100000|  0%| F|  |TAMS 0x00000000e2000000| PB 0x00000000e2000000| Untracked 
|  33|0x00000000e2100000, 0x00000000e2100000, 0x00000000e2200000|  0%| F|  |TAMS 0x00000000e2100000| PB 0x00000000e2100000| Untracked 
|  34|0x00000000e2200000, 0x00000000e2200000, 0x00000000e2300000|  0%| F|  |TAMS 0x00000000e2200000| PB 0x00000000e2200000| Untracked 
|  35|0x00000000e2300000, 0x00000000e2300000, 0x00000000e2400000|  0%| F|  |TAMS 0x00000000e2300000| PB 0x00000000e2300000| Untracked 
|  36|0x00000000e2400000, 0x00000000e2400000, 0x00000000e2500000|  0%| F|  |TAMS 0x00000000e2400000| PB 0x00000000e2400000| Untracked 
|  37|0x00000000e2500000, 0x00000000e2500000, 0x00000000e2600000|  0%| F|  |TAMS 0x00000000e2500000| PB 0x00000000e2500000| Untracked 
|  38|0x00000000e2600000, 0x00000000e2600000, 0x00000000e2700000|  0%| F|  |TAMS 0x00000000e2600000| PB 0x00000000e2600000| Untracked 
|  39|0x00000000e2700000, 0x00000000e2700000, 0x00000000e2800000|  0%| F|  |TAMS 0x00000000e2700000| PB 0x00000000e2700000| Untracked 
|  40|0x00000000e2800000, 0x00000000e2800000, 0x00000000e2900000|  0%| F|  |TAMS 0x00000000e2800000| PB 0x00000000e2800000| Untracked 
|  41|0x00000000e2900000, 0x00000000e2900000, 0x00000000e2a00000|  0%| F|  |TAMS 0x00000000e2900000| PB 0x00000000e2900000| Untracked 
|  42|0x00000000e2a00000, 0x00000000e2a00000, 0x00000000e2b00000|  0%| F|  |TAMS 0x00000000e2a00000| PB 0x00000000e2a00000| Untracked 
|  43|0x00000000e2b00000, 0x00000000e2b00000, 0x00000000e2c00000|  0%| F|  |TAMS 0x00000000e2b00000| PB 0x00000000e2b00000| Untracked 
|  44|0x00000000e2c00000, 0x00000000e2c00000, 0x00000000e2d00000|  0%| F|  |TAMS 0x00000000e2c00000| PB 0x00000000e2c00000| Untracked 
|  45|0x00000000e2d00000, 0x00000000e2d00000, 0x00000000e2e00000|  0%| F|  |TAMS 0x00000000e2d00000| PB 0x00000000e2d00000| Untracked 
|  46|0x00000000e2e00000, 0x00000000e2e00000, 0x00000000e2f00000|  0%| F|  |TAMS 0x00000000e2e00000| PB 0x00000000e2e00000| Untracked 
|  47|0x00000000e2f00000, 0x00000000e2f00000, 0x00000000e3000000|  0%| F|  |TAMS 0x00000000e2f00000| PB 0x00000000e2f00000| Untracked 
|  48|0x00000000e3000000, 0x00000000e3000000, 0x00000000e3100000|  0%| F|  |TAMS 0x00000000e3000000| PB 0x00000000e3000000| Untracked 
|  49|0x00000000e3100000, 0x00000000e3100000, 0x00000000e3200000|  0%| F|  |TAMS 0x00000000e3100000| PB 0x00000000e3100000| Untracked 
|  50|0x00000000e3200000, 0x00000000e3200000, 0x00000000e3300000|  0%| F|  |TAMS 0x00000000e3200000| PB 0x00000000e3200000| Untracked 
|  51|0x00000000e3300000, 0x00000000e3300000, 0x00000000e3400000|  0%| F|  |TAMS 0x00000000e3300000| PB 0x00000000e3300000| Untracked 
|  52|0x00000000e3400000, 0x00000000e3400000, 0x00000000e3500000|  0%| F|  |TAMS 0x00000000e3400000| PB 0x00000000e3400000| Untracked 
|  53|0x00000000e3500000, 0x00000000e3500000, 0x00000000e3600000|  0%| F|  |TAMS 0x00000000e3500000| PB 0x00000000e3500000| Untracked 
|  54|0x00000000e3600000, 0x00000000e3600000, 0x00000000e3700000|  0%| F|  |TAMS 0x00000000e3600000| PB 0x00000000e3600000| Untracked 
|  55|0x00000000e3700000, 0x00000000e3700000, 0x00000000e3800000|  0%| F|  |TAMS 0x00000000e3700000| PB 0x00000000e3700000| Untracked 
|  56|0x00000000e3800000, 0x00000000e3800000, 0x00000000e3900000|  0%| F|  |TAMS 0x00000000e3800000| PB 0x00000000e3800000| Untracked 
|  57|0x00000000e3900000, 0x00000000e3900000, 0x00000000e3a00000|  0%| F|  |TAMS 0x00000000e3900000| PB 0x00000000e3900000| Untracked 
|  58|0x00000000e3a00000, 0x00000000e3a00000, 0x00000000e3b00000|  0%| F|  |TAMS 0x00000000e3a00000| PB 0x00000000e3a00000| Untracked 
|  59|0x00000000e3b00000, 0x00000000e3b00000, 0x00000000e3c00000|  0%| F|  |TAMS 0x00000000e3b00000| PB 0x00000000e3b00000| Untracked 
|  60|0x00000000e3c00000, 0x00000000e3c00000, 0x00000000e3d00000|  0%| F|  |TAMS 0x00000000e3c00000| PB 0x00000000e3c00000| Untracked 
|  61|0x00000000e3d00000, 0x00000000e3d00000, 0x00000000e3e00000|  0%| F|  |TAMS 0x00000000e3d00000| PB 0x00000000e3d00000| Untracked 
|  62|0x00000000e3e00000, 0x00000000e3e00000, 0x00000000e3f00000|  0%| F|  |TAMS 0x00000000e3e00000| PB 0x00000000e3e00000| Untracked 
|  63|0x00000000e3f00000, 0x00000000e3f00000, 0x00000000e4000000|  0%| F|  |TAMS 0x00000000e3f00000| PB 0x00000000e3f00000| Untracked 
|  64|0x00000000e4000000, 0x00000000e4000000, 0x00000000e4100000|  0%| F|  |TAMS 0x00000000e4000000| PB 0x00000000e4000000| Untracked 
|  65|0x00000000e4100000, 0x00000000e4100000, 0x00000000e4200000|  0%| F|  |TAMS 0x00000000e4100000| PB 0x00000000e4100000| Untracked 
|  66|0x00000000e4200000, 0x00000000e4200000, 0x00000000e4300000|  0%| F|  |TAMS 0x00000000e4200000| PB 0x00000000e4200000| Untracked 
|  67|0x00000000e4300000, 0x00000000e4300000, 0x00000000e4400000|  0%| F|  |TAMS 0x00000000e4300000| PB 0x00000000e4300000| Untracked 
|  68|0x00000000e4400000, 0x00000000e4400000, 0x00000000e4500000|  0%| F|  |TAMS 0x00000000e4400000| PB 0x00000000e4400000| Untracked 
|  69|0x00000000e4500000, 0x00000000e4500000, 0x00000000e4600000|  0%| F|  |TAMS 0x00000000e4500000| PB 0x00000000e4500000| Untracked 
|  70|0x00000000e4600000, 0x00000000e4600000, 0x00000000e4700000|  0%| F|  |TAMS 0x00000000e4600000| PB 0x00000000e4600000| Untracked 
|  71|0x00000000e4700000, 0x00000000e4700000, 0x00000000e4800000|  0%| F|  |TAMS 0x00000000e4700000| PB 0x00000000e4700000| Untracked 
|  72|0x00000000e4800000, 0x00000000e4800000, 0x00000000e4900000|  0%| F|  |TAMS 0x00000000e4800000| PB 0x00000000e4800000| Untracked 
|  73|0x00000000e4900000, 0x00000000e4900000, 0x00000000e4a00000|  0%| F|  |TAMS 0x00000000e4900000| PB 0x00000000e4900000| Untracked 
|  74|0x00000000e4a00000, 0x00000000e4a00000, 0x00000000e4b00000|  0%| F|  |TAMS 0x00000000e4a00000| PB 0x00000000e4a00000| Untracked 
|  75|0x00000000e4b00000, 0x00000000e4b00000, 0x00000000e4c00000|  0%| F|  |TAMS 0x00000000e4b00000| PB 0x00000000e4b00000| Untracked 
|  76|0x00000000e4c00000, 0x00000000e4c00000, 0x00000000e4d00000|  0%| F|  |TAMS 0x00000000e4c00000| PB 0x00000000e4c00000| Untracked 
|  77|0x00000000e4d00000, 0x00000000e4d00000, 0x00000000e4e00000|  0%| F|  |TAMS 0x00000000e4d00000| PB 0x00000000e4d00000| Untracked 
|  78|0x00000000e4e00000, 0x00000000e4e00000, 0x00000000e4f00000|  0%| F|  |TAMS 0x00000000e4e00000| PB 0x00000000e4e00000| Untracked 
|  79|0x00000000e4f00000, 0x00000000e4f00000, 0x00000000e5000000|  0%| F|  |TAMS 0x00000000e4f00000| PB 0x00000000e4f00000| Untracked 
|  80|0x00000000e5000000, 0x00000000e5000000, 0x00000000e5100000|  0%| F|  |TAMS 0x00000000e5000000| PB 0x00000000e5000000| Untracked 
|  81|0x00000000e5100000, 0x00000000e5100000, 0x00000000e5200000|  0%| F|  |TAMS 0x00000000e5100000| PB 0x00000000e5100000| Untracked 
|  82|0x00000000e5200000, 0x00000000e5200000, 0x00000000e5300000|  0%| F|  |TAMS 0x00000000e5200000| PB 0x00000000e5200000| Untracked 
|  83|0x00000000e5300000, 0x00000000e5300000, 0x00000000e5400000|  0%| F|  |TAMS 0x00000000e5300000| PB 0x00000000e5300000| Untracked 
|  84|0x00000000e5400000, 0x00000000e5400000, 0x00000000e5500000|  0%| F|  |TAMS 0x00000000e5400000| PB 0x00000000e5400000| Untracked 
|  85|0x00000000e5500000, 0x00000000e5500000, 0x00000000e5600000|  0%| F|  |TAMS 0x00000000e5500000| PB 0x00000000e5500000| Untracked 
|  86|0x00000000e5600000, 0x00000000e5600000, 0x00000000e5700000|  0%| F|  |TAMS 0x00000000e5600000| PB 0x00000000e5600000| Untracked 
|  87|0x00000000e5700000, 0x00000000e5700000, 0x00000000e5800000|  0%| F|  |TAMS 0x00000000e5700000| PB 0x00000000e5700000| Untracked 
|  88|0x00000000e5800000, 0x00000000e5800000, 0x00000000e5900000|  0%| F|  |TAMS 0x00000000e5800000| PB 0x00000000e5800000| Untracked 
|  89|0x00000000e5900000, 0x00000000e5900000, 0x00000000e5a00000|  0%| F|  |TAMS 0x00000000e5900000| PB 0x00000000e5900000| Untracked 
|  90|0x00000000e5a00000, 0x00000000e5a00000, 0x00000000e5b00000|  0%| F|  |TAMS 0x00000000e5a00000| PB 0x00000000e5a00000| Untracked 
|  91|0x00000000e5b00000, 0x00000000e5b00000, 0x00000000e5c00000|  0%| F|  |TAMS 0x00000000e5b00000| PB 0x00000000e5b00000| Untracked 
|  92|0x00000000e5c00000, 0x00000000e5c00000, 0x00000000e5d00000|  0%| F|  |TAMS 0x00000000e5c00000| PB 0x00000000e5c00000| Untracked 
|  93|0x00000000e5d00000, 0x00000000e5d00000, 0x00000000e5e00000|  0%| F|  |TAMS 0x00000000e5d00000| PB 0x00000000e5d00000| Untracked 
|  94|0x00000000e5e00000, 0x00000000e5e00000, 0x00000000e5f00000|  0%| F|  |TAMS 0x00000000e5e00000| PB 0x00000000e5e00000| Untracked 
|  95|0x00000000e5f00000, 0x00000000e5f00000, 0x00000000e6000000|  0%| F|  |TAMS 0x00000000e5f00000| PB 0x00000000e5f00000| Untracked 
|  96|0x00000000e6000000, 0x00000000e6000000, 0x00000000e6100000|  0%| F|  |TAMS 0x00000000e6000000| PB 0x00000000e6000000| Untracked 
|  97|0x00000000e6100000, 0x00000000e6100000, 0x00000000e6200000|  0%| F|  |TAMS 0x00000000e6100000| PB 0x00000000e6100000| Untracked 
|  98|0x00000000e6200000, 0x00000000e6200000, 0x00000000e6300000|  0%| F|  |TAMS 0x00000000e6200000| PB 0x00000000e6200000| Untracked 
|  99|0x00000000e6300000, 0x00000000e6300000, 0x00000000e6400000|  0%| F|  |TAMS 0x00000000e6300000| PB 0x00000000e6300000| Untracked 
| 100|0x00000000e6400000, 0x00000000e6400000, 0x00000000e6500000|  0%| F|  |TAMS 0x00000000e6400000| PB 0x00000000e6400000| Untracked 
| 101|0x00000000e6500000, 0x00000000e6500000, 0x00000000e6600000|  0%| F|  |TAMS 0x00000000e6500000| PB 0x00000000e6500000| Untracked 
| 102|0x00000000e6600000, 0x00000000e6600000, 0x00000000e6700000|  0%| F|  |TAMS 0x00000000e6600000| PB 0x00000000e6600000| Untracked 
| 103|0x00000000e6700000, 0x00000000e6700000, 0x00000000e6800000|  0%| F|  |TAMS 0x00000000e6700000| PB 0x00000000e6700000| Untracked 
| 104|0x00000000e6800000, 0x00000000e6800000, 0x00000000e6900000|  0%| F|  |TAMS 0x00000000e6800000| PB 0x00000000e6800000| Untracked 
| 105|0x00000000e6900000, 0x00000000e6900000, 0x00000000e6a00000|  0%| F|  |TAMS 0x00000000e6900000| PB 0x00000000e6900000| Untracked 
| 106|0x00000000e6a00000, 0x00000000e6a00000, 0x00000000e6b00000|  0%| F|  |TAMS 0x00000000e6a00000| PB 0x00000000e6a00000| Untracked 
| 107|0x00000000e6b00000, 0x00000000e6b00000, 0x00000000e6c00000|  0%| F|  |TAMS 0x00000000e6b00000| PB 0x00000000e6b00000| Untracked 
| 108|0x00000000e6c00000, 0x00000000e6c00000, 0x00000000e6d00000|  0%| F|  |TAMS 0x00000000e6c00000| PB 0x00000000e6c00000| Untracked 
| 109|0x00000000e6d00000, 0x00000000e6d00000, 0x00000000e6e00000|  0%| F|  |TAMS 0x00000000e6d00000| PB 0x00000000e6d00000| Untracked 
| 110|0x00000000e6e00000, 0x00000000e6e00000, 0x00000000e6f00000|  0%| F|  |TAMS 0x00000000e6e00000| PB 0x00000000e6e00000| Untracked 
| 111|0x00000000e6f00000, 0x00000000e6f00000, 0x00000000e7000000|  0%| F|  |TAMS 0x00000000e6f00000| PB 0x00000000e6f00000| Untracked 
| 112|0x00000000e7000000, 0x00000000e7000000, 0x00000000e7100000|  0%| F|  |TAMS 0x00000000e7000000| PB 0x00000000e7000000| Untracked 
| 113|0x00000000e7100000, 0x00000000e7100000, 0x00000000e7200000|  0%| F|  |TAMS 0x00000000e7100000| PB 0x00000000e7100000| Untracked 
| 114|0x00000000e7200000, 0x00000000e7200000, 0x00000000e7300000|  0%| F|  |TAMS 0x00000000e7200000| PB 0x00000000e7200000| Untracked 
| 115|0x00000000e7300000, 0x00000000e7300000, 0x00000000e7400000|  0%| F|  |TAMS 0x00000000e7300000| PB 0x00000000e7300000| Untracked 
| 116|0x00000000e7400000, 0x00000000e7400000, 0x00000000e7500000|  0%| F|  |TAMS 0x00000000e7400000| PB 0x00000000e7400000| Untracked 
| 117|0x00000000e7500000, 0x00000000e7500000, 0x00000000e7600000|  0%| F|  |TAMS 0x00000000e7500000| PB 0x00000000e7500000| Untracked 
| 118|0x00000000e7600000, 0x00000000e7600000, 0x00000000e7700000|  0%| F|  |TAMS 0x00000000e7600000| PB 0x00000000e7600000| Untracked 
| 119|0x00000000e7700000, 0x00000000e7700000, 0x00000000e7800000|  0%| F|  |TAMS 0x00000000e7700000| PB 0x00000000e7700000| Untracked 
| 120|0x00000000e7800000, 0x00000000e7876190, 0x00000000e7900000| 46%| S|CS|TAMS 0x00000000e7800000| PB 0x00000000e7800000| Complete 
| 121|0x00000000e7900000, 0x00000000e7a00000, 0x00000000e7a00000|100%| S|CS|TAMS 0x00000000e7900000| PB 0x00000000e7900000| Complete 
| 122|0x00000000e7a00000, 0x00000000e7b00000, 0x00000000e7b00000|100%| S|CS|TAMS 0x00000000e7a00000| PB 0x00000000e7a00000| Complete 
| 123|0x00000000e7b00000, 0x00000000e7c00000, 0x00000000e7c00000|100%| S|CS|TAMS 0x00000000e7b00000| PB 0x00000000e7b00000| Complete 
| 124|0x00000000e7c00000, 0x00000000e7d00000, 0x00000000e7d00000|100%| S|CS|TAMS 0x00000000e7c00000| PB 0x00000000e7c00000| Complete 
| 125|0x00000000e7d00000, 0x00000000e7e00000, 0x00000000e7e00000|100%| S|CS|TAMS 0x00000000e7d00000| PB 0x00000000e7d00000| Complete 
| 126|0x00000000e7e00000, 0x00000000e7f00000, 0x00000000e7f00000|100%| S|CS|TAMS 0x00000000e7e00000| PB 0x00000000e7e00000| Complete 
| 127|0x00000000e7f00000, 0x00000000e8000000, 0x00000000e8000000|100%| S|CS|TAMS 0x00000000e7f00000| PB 0x00000000e7f00000| Complete 
| 128|0x00000000e8000000, 0x00000000e8100000, 0x00000000e8100000|100%| S|CS|TAMS 0x00000000e8000000| PB 0x00000000e8000000| Complete 
| 129|0x00000000e8100000, 0x00000000e8200000, 0x00000000e8200000|100%| S|CS|TAMS 0x00000000e8100000| PB 0x00000000e8100000| Complete 
| 130|0x00000000e8200000, 0x00000000e8300000, 0x00000000e8300000|100%| S|CS|TAMS 0x00000000e8200000| PB 0x00000000e8200000| Complete 
| 131|0x00000000e8300000, 0x00000000e8400000, 0x00000000e8400000|100%| S|CS|TAMS 0x00000000e8300000| PB 0x00000000e8300000| Complete 
| 132|0x00000000e8400000, 0x00000000e8500000, 0x00000000e8500000|100%| S|CS|TAMS 0x00000000e8400000| PB 0x00000000e8400000| Complete 
| 133|0x00000000e8500000, 0x00000000e8600000, 0x00000000e8600000|100%| S|CS|TAMS 0x00000000e8500000| PB 0x00000000e8500000| Complete 
| 134|0x00000000e8600000, 0x00000000e8700000, 0x00000000e8700000|100%| S|CS|TAMS 0x00000000e8600000| PB 0x00000000e8600000| Complete 
| 135|0x00000000e8700000, 0x00000000e8800000, 0x00000000e8800000|100%| S|CS|TAMS 0x00000000e8700000| PB 0x00000000e8700000| Complete 
| 136|0x00000000e8800000, 0x00000000e8900000, 0x00000000e8900000|100%| S|CS|TAMS 0x00000000e8800000| PB 0x00000000e8800000| Complete 
| 137|0x00000000e8900000, 0x00000000e8900000, 0x00000000e8a00000|  0%| F|  |TAMS 0x00000000e8900000| PB 0x00000000e8900000| Untracked 
| 138|0x00000000e8a00000, 0x00000000e8a00000, 0x00000000e8b00000|  0%| F|  |TAMS 0x00000000e8a00000| PB 0x00000000e8a00000| Untracked 
| 139|0x00000000e8b00000, 0x00000000e8b00000, 0x00000000e8c00000|  0%| F|  |TAMS 0x00000000e8b00000| PB 0x00000000e8b00000| Untracked 
| 140|0x00000000e8c00000, 0x00000000e8c00000, 0x00000000e8d00000|  0%| F|  |TAMS 0x00000000e8c00000| PB 0x00000000e8c00000| Untracked 
| 141|0x00000000e8d00000, 0x00000000e8d00000, 0x00000000e8e00000|  0%| F|  |TAMS 0x00000000e8d00000| PB 0x00000000e8d00000| Untracked 
| 142|0x00000000e8e00000, 0x00000000e8e00000, 0x00000000e8f00000|  0%| F|  |TAMS 0x00000000e8e00000| PB 0x00000000e8e00000| Untracked 
| 143|0x00000000e8f00000, 0x00000000e8f00000, 0x00000000e9000000|  0%| F|  |TAMS 0x00000000e8f00000| PB 0x00000000e8f00000| Untracked 
| 144|0x00000000e9000000, 0x00000000e9000000, 0x00000000e9100000|  0%| F|  |TAMS 0x00000000e9000000| PB 0x00000000e9000000| Untracked 
| 145|0x00000000e9100000, 0x00000000e9100000, 0x00000000e9200000|  0%| F|  |TAMS 0x00000000e9100000| PB 0x00000000e9100000| Untracked 
| 146|0x00000000e9200000, 0x00000000e9200000, 0x00000000e9300000|  0%| F|  |TAMS 0x00000000e9200000| PB 0x00000000e9200000| Untracked 
| 147|0x00000000e9300000, 0x00000000e9300000, 0x00000000e9400000|  0%| F|  |TAMS 0x00000000e9300000| PB 0x00000000e9300000| Untracked 
| 148|0x00000000e9400000, 0x00000000e9400000, 0x00000000e9500000|  0%| F|  |TAMS 0x00000000e9400000| PB 0x00000000e9400000| Untracked 
| 149|0x00000000e9500000, 0x00000000e9500000, 0x00000000e9600000|  0%| F|  |TAMS 0x00000000e9500000| PB 0x00000000e9500000| Untracked 
| 150|0x00000000e9600000, 0x00000000e9600000, 0x00000000e9700000|  0%| F|  |TAMS 0x00000000e9600000| PB 0x00000000e9600000| Untracked 
| 151|0x00000000e9700000, 0x00000000e9700000, 0x00000000e9800000|  0%| F|  |TAMS 0x00000000e9700000| PB 0x00000000e9700000| Untracked 
| 152|0x00000000e9800000, 0x00000000e9800000, 0x00000000e9900000|  0%| F|  |TAMS 0x00000000e9800000| PB 0x00000000e9800000| Untracked 
| 153|0x00000000e9900000, 0x00000000e9900000, 0x00000000e9a00000|  0%| F|  |TAMS 0x00000000e9900000| PB 0x00000000e9900000| Untracked 
| 154|0x00000000e9a00000, 0x00000000e9a00000, 0x00000000e9b00000|  0%| F|  |TAMS 0x00000000e9a00000| PB 0x00000000e9a00000| Untracked 
| 155|0x00000000e9b00000, 0x00000000e9b00000, 0x00000000e9c00000|  0%| F|  |TAMS 0x00000000e9b00000| PB 0x00000000e9b00000| Untracked 
| 156|0x00000000e9c00000, 0x00000000e9c00000, 0x00000000e9d00000|  0%| F|  |TAMS 0x00000000e9c00000| PB 0x00000000e9c00000| Untracked 
| 157|0x00000000e9d00000, 0x00000000e9d00000, 0x00000000e9e00000|  0%| F|  |TAMS 0x00000000e9d00000| PB 0x00000000e9d00000| Untracked 
| 158|0x00000000e9e00000, 0x00000000e9e00000, 0x00000000e9f00000|  0%| F|  |TAMS 0x00000000e9e00000| PB 0x00000000e9e00000| Untracked 
| 159|0x00000000e9f00000, 0x00000000e9f00000, 0x00000000ea000000|  0%| F|  |TAMS 0x00000000e9f00000| PB 0x00000000e9f00000| Untracked 
| 160|0x00000000ea000000, 0x00000000ea000000, 0x00000000ea100000|  0%| F|  |TAMS 0x00000000ea000000| PB 0x00000000ea000000| Untracked 
| 161|0x00000000ea100000, 0x00000000ea100000, 0x00000000ea200000|  0%| F|  |TAMS 0x00000000ea100000| PB 0x00000000ea100000| Untracked 
| 162|0x00000000ea200000, 0x00000000ea200000, 0x00000000ea300000|  0%| F|  |TAMS 0x00000000ea200000| PB 0x00000000ea200000| Untracked 
| 163|0x00000000ea300000, 0x00000000ea300000, 0x00000000ea400000|  0%| F|  |TAMS 0x00000000ea300000| PB 0x00000000ea300000| Untracked 
| 164|0x00000000ea400000, 0x00000000ea400000, 0x00000000ea500000|  0%| F|  |TAMS 0x00000000ea400000| PB 0x00000000ea400000| Untracked 
| 165|0x00000000ea500000, 0x00000000ea500000, 0x00000000ea600000|  0%| F|  |TAMS 0x00000000ea500000| PB 0x00000000ea500000| Untracked 
| 166|0x00000000ea600000, 0x00000000ea600000, 0x00000000ea700000|  0%| F|  |TAMS 0x00000000ea600000| PB 0x00000000ea600000| Untracked 
| 167|0x00000000ea700000, 0x00000000ea700000, 0x00000000ea800000|  0%| F|  |TAMS 0x00000000ea700000| PB 0x00000000ea700000| Untracked 
| 168|0x00000000ea800000, 0x00000000ea800000, 0x00000000ea900000|  0%| F|  |TAMS 0x00000000ea800000| PB 0x00000000ea800000| Untracked 
| 169|0x00000000ea900000, 0x00000000ea900000, 0x00000000eaa00000|  0%| F|  |TAMS 0x00000000ea900000| PB 0x00000000ea900000| Untracked 
| 170|0x00000000eaa00000, 0x00000000eaa00000, 0x00000000eab00000|  0%| F|  |TAMS 0x00000000eaa00000| PB 0x00000000eaa00000| Untracked 
| 171|0x00000000eab00000, 0x00000000eab00000, 0x00000000eac00000|  0%| F|  |TAMS 0x00000000eab00000| PB 0x00000000eab00000| Untracked 
| 172|0x00000000eac00000, 0x00000000eac00000, 0x00000000ead00000|  0%| F|  |TAMS 0x00000000eac00000| PB 0x00000000eac00000| Untracked 
| 173|0x00000000ead00000, 0x00000000ead00000, 0x00000000eae00000|  0%| F|  |TAMS 0x00000000ead00000| PB 0x00000000ead00000| Untracked 
| 174|0x00000000eae00000, 0x00000000eae00000, 0x00000000eaf00000|  0%| F|  |TAMS 0x00000000eae00000| PB 0x00000000eae00000| Untracked 
| 175|0x00000000eaf00000, 0x00000000eaf00000, 0x00000000eb000000|  0%| F|  |TAMS 0x00000000eaf00000| PB 0x00000000eaf00000| Untracked 
| 176|0x00000000eb000000, 0x00000000eb000000, 0x00000000eb100000|  0%| F|  |TAMS 0x00000000eb000000| PB 0x00000000eb000000| Untracked 
| 177|0x00000000eb100000, 0x00000000eb100000, 0x00000000eb200000|  0%| F|  |TAMS 0x00000000eb100000| PB 0x00000000eb100000| Untracked 
| 178|0x00000000eb200000, 0x00000000eb200000, 0x00000000eb300000|  0%| F|  |TAMS 0x00000000eb200000| PB 0x00000000eb200000| Untracked 
| 179|0x00000000eb300000, 0x00000000eb300000, 0x00000000eb400000|  0%| F|  |TAMS 0x00000000eb300000| PB 0x00000000eb300000| Untracked 
| 180|0x00000000eb400000, 0x00000000eb400000, 0x00000000eb500000|  0%| F|  |TAMS 0x00000000eb400000| PB 0x00000000eb400000| Untracked 
| 181|0x00000000eb500000, 0x00000000eb500000, 0x00000000eb600000|  0%| F|  |TAMS 0x00000000eb500000| PB 0x00000000eb500000| Untracked 
| 182|0x00000000eb600000, 0x00000000eb600000, 0x00000000eb700000|  0%| F|  |TAMS 0x00000000eb600000| PB 0x00000000eb600000| Untracked 
| 183|0x00000000eb700000, 0x00000000eb700000, 0x00000000eb800000|  0%| F|  |TAMS 0x00000000eb700000| PB 0x00000000eb700000| Untracked 
| 184|0x00000000eb800000, 0x00000000eb800000, 0x00000000eb900000|  0%| F|  |TAMS 0x00000000eb800000| PB 0x00000000eb800000| Untracked 
| 185|0x00000000eb900000, 0x00000000eb900000, 0x00000000eba00000|  0%| F|  |TAMS 0x00000000eb900000| PB 0x00000000eb900000| Untracked 
| 186|0x00000000eba00000, 0x00000000eba00000, 0x00000000ebb00000|  0%| F|  |TAMS 0x00000000eba00000| PB 0x00000000eba00000| Untracked 
| 187|0x00000000ebb00000, 0x00000000ebb00000, 0x00000000ebc00000|  0%| F|  |TAMS 0x00000000ebb00000| PB 0x00000000ebb00000| Untracked 
| 188|0x00000000ebc00000, 0x00000000ebc00000, 0x00000000ebd00000|  0%| F|  |TAMS 0x00000000ebc00000| PB 0x00000000ebc00000| Untracked 
| 189|0x00000000ebd00000, 0x00000000ebd00000, 0x00000000ebe00000|  0%| F|  |TAMS 0x00000000ebd00000| PB 0x00000000ebd00000| Untracked 
| 190|0x00000000ebe00000, 0x00000000ebe00000, 0x00000000ebf00000|  0%| F|  |TAMS 0x00000000ebe00000| PB 0x00000000ebe00000| Untracked 
| 191|0x00000000ebf00000, 0x00000000ebf00000, 0x00000000ec000000|  0%| F|  |TAMS 0x00000000ebf00000| PB 0x00000000ebf00000| Untracked 
| 192|0x00000000ec000000, 0x00000000ec000000, 0x00000000ec100000|  0%| F|  |TAMS 0x00000000ec000000| PB 0x00000000ec000000| Untracked 
| 193|0x00000000ec100000, 0x00000000ec100000, 0x00000000ec200000|  0%| F|  |TAMS 0x00000000ec100000| PB 0x00000000ec100000| Untracked 
| 194|0x00000000ec200000, 0x00000000ec200000, 0x00000000ec300000|  0%| F|  |TAMS 0x00000000ec200000| PB 0x00000000ec200000| Untracked 
| 195|0x00000000ec300000, 0x00000000ec300000, 0x00000000ec400000|  0%| F|  |TAMS 0x00000000ec300000| PB 0x00000000ec300000| Untracked 
| 196|0x00000000ec400000, 0x00000000ec400000, 0x00000000ec500000|  0%| F|  |TAMS 0x00000000ec400000| PB 0x00000000ec400000| Untracked 
| 197|0x00000000ec500000, 0x00000000ec500000, 0x00000000ec600000|  0%| F|  |TAMS 0x00000000ec500000| PB 0x00000000ec500000| Untracked 
| 198|0x00000000ec600000, 0x00000000ec600000, 0x00000000ec700000|  0%| F|  |TAMS 0x00000000ec600000| PB 0x00000000ec600000| Untracked 
| 199|0x00000000ec700000, 0x00000000ec700000, 0x00000000ec800000|  0%| F|  |TAMS 0x00000000ec700000| PB 0x00000000ec700000| Untracked 
| 200|0x00000000ec800000, 0x00000000ec800000, 0x00000000ec900000|  0%| F|  |TAMS 0x00000000ec800000| PB 0x00000000ec800000| Untracked 
| 201|0x00000000ec900000, 0x00000000ec900000, 0x00000000eca00000|  0%| F|  |TAMS 0x00000000ec900000| PB 0x00000000ec900000| Untracked 
| 202|0x00000000eca00000, 0x00000000eca00000, 0x00000000ecb00000|  0%| F|  |TAMS 0x00000000eca00000| PB 0x00000000eca00000| Untracked 
| 203|0x00000000ecb00000, 0x00000000ecb00000, 0x00000000ecc00000|  0%| F|  |TAMS 0x00000000ecb00000| PB 0x00000000ecb00000| Untracked 
| 204|0x00000000ecc00000, 0x00000000ecc00000, 0x00000000ecd00000|  0%| F|  |TAMS 0x00000000ecc00000| PB 0x00000000ecc00000| Untracked 
| 205|0x00000000ecd00000, 0x00000000ecd00000, 0x00000000ece00000|  0%| F|  |TAMS 0x00000000ecd00000| PB 0x00000000ecd00000| Untracked 
| 206|0x00000000ece00000, 0x00000000ecf00000, 0x00000000ecf00000|100%| E|  |TAMS 0x00000000ece00000| PB 0x00000000ece00000| Complete 
| 207|0x00000000ecf00000, 0x00000000ed000000, 0x00000000ed000000|100%| E|CS|TAMS 0x00000000ecf00000| PB 0x00000000ecf00000| Complete 
| 208|0x00000000ed000000, 0x00000000ed100000, 0x00000000ed100000|100%| E|CS|TAMS 0x00000000ed000000| PB 0x00000000ed000000| Complete 
| 209|0x00000000ed100000, 0x00000000ed200000, 0x00000000ed200000|100%| E|CS|TAMS 0x00000000ed100000| PB 0x00000000ed100000| Complete 
| 210|0x00000000ed200000, 0x00000000ed300000, 0x00000000ed300000|100%| E|CS|TAMS 0x00000000ed200000| PB 0x00000000ed200000| Complete 
| 211|0x00000000ed300000, 0x00000000ed400000, 0x00000000ed400000|100%| E|CS|TAMS 0x00000000ed300000| PB 0x00000000ed300000| Complete 
| 212|0x00000000ed400000, 0x00000000ed500000, 0x00000000ed500000|100%| E|CS|TAMS 0x00000000ed400000| PB 0x00000000ed400000| Complete 
| 213|0x00000000ed500000, 0x00000000ed600000, 0x00000000ed600000|100%| E|CS|TAMS 0x00000000ed500000| PB 0x00000000ed500000| Complete 
| 214|0x00000000ed600000, 0x00000000ed700000, 0x00000000ed700000|100%| E|CS|TAMS 0x00000000ed600000| PB 0x00000000ed600000| Complete 
| 215|0x00000000ed700000, 0x00000000ed800000, 0x00000000ed800000|100%| E|CS|TAMS 0x00000000ed700000| PB 0x00000000ed700000| Complete 
| 216|0x00000000ed800000, 0x00000000ed900000, 0x00000000ed900000|100%| E|CS|TAMS 0x00000000ed800000| PB 0x00000000ed800000| Complete 
| 217|0x00000000ed900000, 0x00000000eda00000, 0x00000000eda00000|100%| E|CS|TAMS 0x00000000ed900000| PB 0x00000000ed900000| Complete 
| 218|0x00000000eda00000, 0x00000000edb00000, 0x00000000edb00000|100%| E|CS|TAMS 0x00000000eda00000| PB 0x00000000eda00000| Complete 
| 219|0x00000000edb00000, 0x00000000edc00000, 0x00000000edc00000|100%| E|CS|TAMS 0x00000000edb00000| PB 0x00000000edb00000| Complete 
| 220|0x00000000edc00000, 0x00000000edd00000, 0x00000000edd00000|100%| E|CS|TAMS 0x00000000edc00000| PB 0x00000000edc00000| Complete 
| 221|0x00000000edd00000, 0x00000000ede00000, 0x00000000ede00000|100%| E|CS|TAMS 0x00000000edd00000| PB 0x00000000edd00000| Complete 
| 222|0x00000000ede00000, 0x00000000edf00000, 0x00000000edf00000|100%| E|CS|TAMS 0x00000000ede00000| PB 0x00000000ede00000| Complete 
| 223|0x00000000edf00000, 0x00000000ee000000, 0x00000000ee000000|100%| E|CS|TAMS 0x00000000edf00000| PB 0x00000000edf00000| Complete 
| 224|0x00000000ee000000, 0x00000000ee100000, 0x00000000ee100000|100%| E|CS|TAMS 0x00000000ee000000| PB 0x00000000ee000000| Complete 
| 225|0x00000000ee100000, 0x00000000ee200000, 0x00000000ee200000|100%| E|CS|TAMS 0x00000000ee100000| PB 0x00000000ee100000| Complete 
| 226|0x00000000ee200000, 0x00000000ee300000, 0x00000000ee300000|100%| E|CS|TAMS 0x00000000ee200000| PB 0x00000000ee200000| Complete 
| 227|0x00000000ee300000, 0x00000000ee400000, 0x00000000ee400000|100%| E|CS|TAMS 0x00000000ee300000| PB 0x00000000ee300000| Complete 
| 228|0x00000000ee400000, 0x00000000ee500000, 0x00000000ee500000|100%| E|CS|TAMS 0x00000000ee400000| PB 0x00000000ee400000| Complete 
| 229|0x00000000ee500000, 0x00000000ee600000, 0x00000000ee600000|100%| E|CS|TAMS 0x00000000ee500000| PB 0x00000000ee500000| Complete 
| 230|0x00000000ee600000, 0x00000000ee700000, 0x00000000ee700000|100%| E|CS|TAMS 0x00000000ee600000| PB 0x00000000ee600000| Complete 
| 231|0x00000000ee700000, 0x00000000ee800000, 0x00000000ee800000|100%| E|CS|TAMS 0x00000000ee700000| PB 0x00000000ee700000| Complete 
| 232|0x00000000ee800000, 0x00000000ee900000, 0x00000000ee900000|100%| E|CS|TAMS 0x00000000ee800000| PB 0x00000000ee800000| Complete 
| 233|0x00000000ee900000, 0x00000000eea00000, 0x00000000eea00000|100%| E|CS|TAMS 0x00000000ee900000| PB 0x00000000ee900000| Complete 
| 234|0x00000000eea00000, 0x00000000eeb00000, 0x00000000eeb00000|100%| E|CS|TAMS 0x00000000eea00000| PB 0x00000000eea00000| Complete 
| 235|0x00000000eeb00000, 0x00000000eec00000, 0x00000000eec00000|100%| E|CS|TAMS 0x00000000eeb00000| PB 0x00000000eeb00000| Complete 
| 236|0x00000000eec00000, 0x00000000eed00000, 0x00000000eed00000|100%| E|CS|TAMS 0x00000000eec00000| PB 0x00000000eec00000| Complete 
| 237|0x00000000eed00000, 0x00000000eee00000, 0x00000000eee00000|100%| E|CS|TAMS 0x00000000eed00000| PB 0x00000000eed00000| Complete 
| 238|0x00000000eee00000, 0x00000000eef00000, 0x00000000eef00000|100%| E|CS|TAMS 0x00000000eee00000| PB 0x00000000eee00000| Complete 
| 239|0x00000000eef00000, 0x00000000ef000000, 0x00000000ef000000|100%| E|CS|TAMS 0x00000000eef00000| PB 0x00000000eef00000| Complete 
| 240|0x00000000ef000000, 0x00000000ef100000, 0x00000000ef100000|100%| E|CS|TAMS 0x00000000ef000000| PB 0x00000000ef000000| Complete 
| 241|0x00000000ef100000, 0x00000000ef200000, 0x00000000ef200000|100%| E|CS|TAMS 0x00000000ef100000| PB 0x00000000ef100000| Complete 
| 242|0x00000000ef200000, 0x00000000ef300000, 0x00000000ef300000|100%| E|CS|TAMS 0x00000000ef200000| PB 0x00000000ef200000| Complete 
| 243|0x00000000ef300000, 0x00000000ef400000, 0x00000000ef400000|100%| E|CS|TAMS 0x00000000ef300000| PB 0x00000000ef300000| Complete 
| 244|0x00000000ef400000, 0x00000000ef500000, 0x00000000ef500000|100%| E|CS|TAMS 0x00000000ef400000| PB 0x00000000ef400000| Complete 
| 245|0x00000000ef500000, 0x00000000ef600000, 0x00000000ef600000|100%| E|CS|TAMS 0x00000000ef500000| PB 0x00000000ef500000| Complete 
| 246|0x00000000ef600000, 0x00000000ef700000, 0x00000000ef700000|100%| E|CS|TAMS 0x00000000ef600000| PB 0x00000000ef600000| Complete 
| 247|0x00000000ef700000, 0x00000000ef800000, 0x00000000ef800000|100%| E|CS|TAMS 0x00000000ef700000| PB 0x00000000ef700000| Complete 
| 248|0x00000000ef800000, 0x00000000ef900000, 0x00000000ef900000|100%| E|CS|TAMS 0x00000000ef800000| PB 0x00000000ef800000| Complete 
| 249|0x00000000ef900000, 0x00000000efa00000, 0x00000000efa00000|100%| E|CS|TAMS 0x00000000ef900000| PB 0x00000000ef900000| Complete 
| 250|0x00000000efa00000, 0x00000000efb00000, 0x00000000efb00000|100%| E|CS|TAMS 0x00000000efa00000| PB 0x00000000efa00000| Complete 
| 251|0x00000000efb00000, 0x00000000efc00000, 0x00000000efc00000|100%| E|CS|TAMS 0x00000000efb00000| PB 0x00000000efb00000| Complete 
| 252|0x00000000efc00000, 0x00000000efd00000, 0x00000000efd00000|100%| E|CS|TAMS 0x00000000efc00000| PB 0x00000000efc00000| Complete 
| 253|0x00000000efd00000, 0x00000000efe00000, 0x00000000efe00000|100%| E|CS|TAMS 0x00000000efd00000| PB 0x00000000efd00000| Complete 
| 254|0x00000000efe00000, 0x00000000eff00000, 0x00000000eff00000|100%| E|CS|TAMS 0x00000000efe00000| PB 0x00000000efe00000| Complete 
| 255|0x00000000eff00000, 0x00000000f0000000, 0x00000000f0000000|100%| E|CS|TAMS 0x00000000eff00000| PB 0x00000000eff00000| Complete 

Card table byte_map: [0x00000224c7b70000,0x00000224c7c70000] _byte_map_base: 0x00000224c7470000

Marking Bits: (CMBitMap*) 0x00000224b02fa670
 Bits: [0x00000224c7c70000, 0x00000224c8470000)

Polling page: 0x00000224ae440000

Metaspace:

Usage:
  Non-class:     34.13 MB used.
      Class:      5.63 MB used.
       Both:     39.76 MB used.

Virtual space:
  Non-class space:       64.00 MB reserved,      34.81 MB ( 54%) committed,  1 nodes.
      Class space:      320.00 MB reserved,       6.31 MB (  2%) committed,  1 nodes.
             Both:      384.00 MB reserved,      41.12 MB ( 11%) committed. 

Chunk freelists:
   Non-Class:  12.69 MB
       Class:  9.69 MB
        Both:  22.38 MB

MaxMetaspaceSize: 384.00 MB
CompressedClassSpaceSize: 320.00 MB
Initial GC threshold: 21.00 MB
Current GC threshold: 59.19 MB
CDS: on
 - commit_granule_bytes: 65536.
 - commit_granule_words: 8192.
 - virtual_space_node_default_size: 8388608.
 - enlarge_chunks_in_place: 1.
 - use_allocation_guard: 0.


Internal statistics:

num_allocs_failed_limit: 9.
num_arena_births: 2568.
num_arena_deaths: 0.
num_vsnodes_births: 2.
num_vsnodes_deaths: 0.
num_space_committed: 658.
num_space_uncommitted: 0.
num_chunks_returned_to_freelist: 9.
num_chunks_taken_from_freelist: 4467.
num_chunk_merges: 9.
num_chunk_splits: 2866.
num_chunks_enlarged: 1715.
num_inconsistent_stats: 0.

CodeHeap 'non-profiled nmethods': size=120000Kb used=2642Kb max_used=2642Kb free=117357Kb
 bounds [0x00000224c0210000, 0x00000224c04b0000, 0x00000224c7740000]
CodeHeap 'profiled nmethods': size=120000Kb used=8719Kb max_used=9056Kb free=111280Kb
 bounds [0x00000224b8740000, 0x00000224b9030000, 0x00000224bfc70000]
CodeHeap 'non-nmethods': size=5760Kb used=2687Kb max_used=2742Kb free=3072Kb
 bounds [0x00000224bfc70000, 0x00000224bff30000, 0x00000224c0210000]
 total_blobs=5290 nmethods=4461 adapters=733
 compilation: enabled
              stopped_count=0, restarted_count=0
 full_count=0

Compilation events (20 events):
Event: 130.445 Thread 0x00000224caeca410 nmethod 4926 0x00000224b87a5e90 code [0x00000224b87a60a0, 0x00000224b87a6700]
Event: 130.445 Thread 0x00000224caeca410 4927       3       org.gradle.internal.instantiation.generator.AbstractClassGenerator::access$1600 (5 bytes)
Event: 130.445 Thread 0x00000224caeca410 nmethod 4927 0x00000224b87a5b10 code [0x00000224b87a5cc0, 0x00000224b87a5dd8]
Event: 130.445 Thread 0x00000224caeca410 4929       3       org.gradle.model.internal.asm.MethodVisitorScope::_IRETURN_OF (12 bytes)
Event: 130.446 Thread 0x00000224caeca410 nmethod 4929 0x00000224b87a5510 code [0x00000224b87a56e0, 0x00000224b87a59a0]
Event: 130.446 Thread 0x00000224caeca410 4928       3       org.gradle.internal.instantiation.generator.AbstractClassGenerator::isLazyAttachProperty (55 bytes)
Event: 130.449 Thread 0x00000224caec7960 4932       4       java.lang.AbstractStringBuilder::append (67 bytes)
Event: 130.450 Thread 0x00000224caeca410 nmethod 4928 0x00000224b8877690 code [0x00000224b8877a80, 0x00000224b8879608]
Event: 130.450 Thread 0x00000224caeca410 4930       3       org.gradle.internal.instantiation.generator.AsmBackedClassGenerator::access$200 (5 bytes)
Event: 130.451 Thread 0x00000224caeca410 nmethod 4930 0x00000224b87a4990 code [0x00000224b87a4bc0, 0x00000224b87a5220]
Event: 130.451 Thread 0x00000224caeca410 4933       1       com.google.common.collect.AbstractMapBasedMultimap::access$000 (5 bytes)
Event: 130.452 Thread 0x00000224caeca410 nmethod 4933 0x00000224c04a0e90 code [0x00000224c04a1020, 0x00000224c04a10d0]
Event: 130.452 Thread 0x00000224caeca410 4931       1       org.gradle.internal.instantiation.generator.AsmBackedClassGenerator$ClassBuilderImpl::access$3800 (5 bytes)
Event: 130.452 Thread 0x00000224caeca410 nmethod 4931 0x00000224c04a1190 code [0x00000224c04a1320, 0x00000224c04a13d0]
Event: 130.460 Thread 0x00000224caec7960 nmethod 4932 0x00000224c04a1490 code [0x00000224c04a1660, 0x00000224c04a1b80]
Event: 130.476 Thread 0x00000224caec7960 4934       4       org.gradle.internal.service.DefaultServiceRegistry::unwrap (75 bytes)
Event: 130.483 Thread 0x00000224caec7960 nmethod 4934 0x00000224c04a1f10 code [0x00000224c04a20e0, 0x00000224c04a2380]
Event: 130.492 Thread 0x00000224caec7960 4935       4       java.lang.invoke.InvokerBytecodeGenerator::isStaticallyInvocable (165 bytes)
Event: 130.504 Thread 0x00000224caec7960 nmethod 4935 0x00000224c04a2610 code [0x00000224c04a2840, 0x00000224c04a2c58]
Event: 130.504 Thread 0x00000224caec7960 4936       4       java.lang.invoke.InvokerBytecodeGenerator::emitStaticInvoke (258 bytes)

GC Heap History (10 events):
Event: 9.748 GC heap before
{Heap before GC invocations=0 (full 0):
 garbage-first heap   total 262144K, used 23552K [0x00000000e0000000, 0x0000000100000000)
  region size 1024K, 23 young (23552K), 0 survivors (0K)
 Metaspace       used 1095K, committed 1216K, reserved 393216K
  class space    used 82K, committed 128K, reserved 327680K
}
Event: 12.699 GC heap after
{Heap after GC invocations=1 (full 0):
 garbage-first heap   total 262144K, used 1962K [0x00000000e0000000, 0x0000000100000000)
  region size 1024K, 2 young (2048K), 2 survivors (2048K)
 Metaspace       used 1095K, committed 1216K, reserved 393216K
  class space    used 82K, committed 128K, reserved 327680K
}
Event: 20.489 GC heap before
{Heap before GC invocations=1 (full 0):
 garbage-first heap   total 262144K, used 37802K [0x00000000e0000000, 0x0000000100000000)
  region size 1024K, 35 young (35840K), 2 survivors (2048K)
 Metaspace       used 4461K, committed 4672K, reserved 393216K
  class space    used 553K, committed 640K, reserved 327680K
}
Event: 20.499 GC heap after
{Heap after GC invocations=2 (full 0):
 garbage-first heap   total 262144K, used 11039K [0x00000000e0000000, 0x0000000100000000)
  region size 1024K, 5 young (5120K), 5 survivors (5120K)
 Metaspace       used 4461K, committed 4672K, reserved 393216K
  class space    used 553K, committed 640K, reserved 327680K
}
Event: 29.230 GC heap before
{Heap before GC invocations=2 (full 0):
 garbage-first heap   total 262144K, used 62239K [0x00000000e0000000, 0x0000000100000000)
  region size 1024K, 53 young (54272K), 5 survivors (5120K)
 Metaspace       used 4923K, committed 5056K, reserved 393216K
  class space    used 625K, committed 704K, reserved 327680K
}
Event: 29.241 GC heap after
{Heap after GC invocations=3 (full 0):
 garbage-first heap   total 262144K, used 16468K [0x00000000e0000000, 0x0000000100000000)
  region size 1024K, 5 young (5120K), 5 survivors (5120K)
 Metaspace       used 4923K, committed 5056K, reserved 393216K
  class space    used 625K, committed 704K, reserved 327680K
}
Event: 51.471 GC heap before
{Heap before GC invocations=3 (full 0):
 garbage-first heap   total 262144K, used 109652K [0x00000000e0000000, 0x0000000100000000)
  region size 1024K, 97 young (99328K), 5 survivors (5120K)
 Metaspace       used 20879K, committed 21504K, reserved 393216K
  class space    used 3029K, committed 3328K, reserved 327680K
}
Event: 51.710 GC heap after
{Heap after GC invocations=4 (full 0):
 garbage-first heap   total 262144K, used 24424K [0x00000000e0000000, 0x0000000100000000)
  region size 1024K, 13 young (13312K), 13 survivors (13312K)
 Metaspace       used 20879K, committed 21504K, reserved 393216K
  class space    used 3029K, committed 3328K, reserved 327680K
}
Event: 92.227 GC heap before
{Heap before GC invocations=5 (full 0):
 garbage-first heap   total 262144K, used 136040K [0x00000000e0000000, 0x0000000100000000)
  region size 1024K, 119 young (121856K), 13 survivors (13312K)
 Metaspace       used 34982K, committed 35968K, reserved 393216K
  class space    used 4896K, committed 5376K, reserved 327680K
}
Event: 92.263 GC heap after
{Heap after GC invocations=6 (full 0):
 garbage-first heap   total 262144K, used 35337K [0x00000000e0000000, 0x0000000100000000)
  region size 1024K, 17 young (17408K), 17 survivors (17408K)
 Metaspace       used 34982K, committed 35968K, reserved 393216K
  class space    used 4896K, committed 5376K, reserved 327680K
}

Dll operation events (15 events):
Event: 0.108 Loaded shared library C:\Program Files\Java\jdk-21\bin\java.dll
Event: 2.147 Loaded shared library C:\Program Files\Java\jdk-21\bin\jsvml.dll
Event: 2.161 Loaded shared library C:\Program Files\Java\jdk-21\bin\zip.dll
Event: 2.193 Loaded shared library C:\Program Files\Java\jdk-21\bin\instrument.dll
Event: 2.268 Loaded shared library C:\Program Files\Java\jdk-21\bin\net.dll
Event: 2.294 Loaded shared library C:\Program Files\Java\jdk-21\bin\nio.dll
Event: 2.310 Loaded shared library C:\Program Files\Java\jdk-21\bin\zip.dll
Event: 9.266 Loaded shared library C:\Program Files\Java\jdk-21\bin\jimage.dll
Event: 14.407 Loaded shared library C:\Program Files\Java\jdk-21\bin\verify.dll
Event: 14.907 Loaded shared library C:\Users\DAMIN\.gradle\native\1def1411415f61bf3af743bc5b6707747c0891f09f0c88961ee8f79bc544acac\windows-amd64\native-platform.dll
Event: 14.977 Loaded shared library C:\Users\DAMIN\.gradle\native\0.2.7\x86_64-windows-gnu\gradle-fileevents.dll
Event: 30.198 Loaded shared library C:\Program Files\Java\jdk-21\bin\management.dll
Event: 30.207 Loaded shared library C:\Program Files\Java\jdk-21\bin\management_ext.dll
Event: 31.137 Loaded shared library C:\Program Files\Java\jdk-21\bin\extnet.dll
Event: 32.419 Loaded shared library C:\Program Files\Java\jdk-21\bin\sunmscapi.dll

Deoptimization events (20 events):
Event: 126.637 Thread 0x00000224e587ae40 Uncommon trap: trap_request=0xffffffbe fr.pc=0x00000224c0233e34 relative=0x00000000000010d4
Event: 126.637 Thread 0x00000224e587ae40 Uncommon trap: reason=profile_predicate action=maybe_recompile pc=0x00000224c0233e34 method=java.lang.invoke.InvokerBytecodeGenerator.<init>(Ljava/lang/String;Ljava/lang/String;Ljava/lang/invoke/LambdaForm;Ljava/lang/invoke/MethodType;)V @ 33 c2
Event: 126.637 Thread 0x00000224e587ae40 DEOPT PACKING pc=0x00000224c0233e34 sp=0x000000ff137f7f70
Event: 126.637 Thread 0x00000224e587ae40 DEOPT UNPACKING pc=0x00000224bfcc46a2 sp=0x000000ff137f7f20 mode 2
Event: 126.638 Thread 0x00000224e587ae40 Uncommon trap: trap_request=0xffffffbe fr.pc=0x00000224c0233e34 relative=0x00000000000010d4
Event: 126.638 Thread 0x00000224e587ae40 Uncommon trap: reason=profile_predicate action=maybe_recompile pc=0x00000224c0233e34 method=java.lang.invoke.InvokerBytecodeGenerator.<init>(Ljava/lang/String;Ljava/lang/String;Ljava/lang/invoke/LambdaForm;Ljava/lang/invoke/MethodType;)V @ 33 c2
Event: 126.638 Thread 0x00000224e587ae40 DEOPT PACKING pc=0x00000224c0233e34 sp=0x000000ff137f7c90
Event: 126.638 Thread 0x00000224e587ae40 DEOPT UNPACKING pc=0x00000224bfcc46a2 sp=0x000000ff137f7c40 mode 2
Event: 129.429 Thread 0x00000224e587ae40 Uncommon trap: trap_request=0xffffffde fr.pc=0x00000224c02a71ec relative=0x00000000000004ac
Event: 129.429 Thread 0x00000224e587ae40 Uncommon trap: reason=class_check action=maybe_recompile pc=0x00000224c02a71ec method=java.util.stream.MatchOps$MatchOp.evaluateSequential(Ljava/util/stream/PipelineHelper;Ljava/util/Spliterator;)Ljava/lang/Boolean; @ 14 c2
Event: 129.429 Thread 0x00000224e587ae40 DEOPT PACKING pc=0x00000224c02a71ec sp=0x000000ff137f7cd0
Event: 129.429 Thread 0x00000224e587ae40 DEOPT UNPACKING pc=0x00000224bfcc46a2 sp=0x000000ff137f7bf8 mode 2
Event: 129.491 Thread 0x00000224e587ae40 Uncommon trap: trap_request=0xffffffde fr.pc=0x00000224c02a71ec relative=0x00000000000004ac
Event: 129.491 Thread 0x00000224e587ae40 Uncommon trap: reason=class_check action=maybe_recompile pc=0x00000224c02a71ec method=java.util.stream.MatchOps$MatchOp.evaluateSequential(Ljava/util/stream/PipelineHelper;Ljava/util/Spliterator;)Ljava/lang/Boolean; @ 14 c2
Event: 129.491 Thread 0x00000224e587ae40 DEOPT PACKING pc=0x00000224c02a71ec sp=0x000000ff137f7cd0
Event: 129.491 Thread 0x00000224e587ae40 DEOPT UNPACKING pc=0x00000224bfcc46a2 sp=0x000000ff137f7bf8 mode 2
Event: 130.170 Thread 0x00000224e587ae40 DEOPT PACKING pc=0x00000224b8cfa46e sp=0x000000ff137f8200
Event: 130.170 Thread 0x00000224e587ae40 DEOPT UNPACKING pc=0x00000224bfcc4e42 sp=0x000000ff137f7670 mode 0
Event: 130.270 Thread 0x00000224e587ae40 DEOPT PACKING pc=0x00000224b8b1cc64 sp=0x000000ff137f8500
Event: 130.270 Thread 0x00000224e587ae40 DEOPT UNPACKING pc=0x00000224bfcc4e42 sp=0x000000ff137f79a0 mode 0

Classes loaded (20 events):
Event: 121.221 Loading class java/lang/SafeVarargs
Event: 121.221 Loading class java/lang/SafeVarargs done
Event: 125.888 Loading class jdk/internal/reflect/MethodHandleIntegerFieldAccessorImpl
Event: 125.888 Loading class jdk/internal/reflect/MethodHandleIntegerFieldAccessorImpl done
Event: 130.126 Loading class java/lang/invoke/BoundMethodHandle$Species_LLLLLLLLLLLLLLLLLLLLLLLLL
Event: 130.126 Loading class java/lang/invoke/BoundMethodHandle$Species_LLLLLLLLLLLLLLLLLLLLLLLLL done
Event: 130.130 Loading class java/lang/invoke/BoundMethodHandle$Species_LLLLLLLLLLLLLLLLLLLLLLLLLL
Event: 130.130 Loading class java/lang/invoke/BoundMethodHandle$Species_LLLLLLLLLLLLLLLLLLLLLLLLLL done
Event: 130.191 Loading class java/lang/invoke/BoundMethodHandle$Species_LLLLLLLLLLLLLLLLLLLLLLLLLLL
Event: 130.191 Loading class java/lang/invoke/BoundMethodHandle$Species_LLLLLLLLLLLLLLLLLLLLLLLLLLL done
Event: 130.198 Loading class java/lang/invoke/BoundMethodHandle$Species_LLLLLLLLLLLLLLLLLLLLLLLLLLLL
Event: 130.198 Loading class java/lang/invoke/BoundMethodHandle$Species_LLLLLLLLLLLLLLLLLLLLLLLLLLLL done
Event: 130.202 Loading class java/lang/invoke/BoundMethodHandle$Species_LLLLLLLLLLLLLLLLLLLLLLLLLLLLL
Event: 130.202 Loading class java/lang/invoke/BoundMethodHandle$Species_LLLLLLLLLLLLLLLLLLLLLLLLLLLLL done
Event: 130.207 Loading class java/lang/invoke/BoundMethodHandle$Species_LLLLLLLLLLLLLLLLLLLLLLLLLLLLLL
Event: 130.207 Loading class java/lang/invoke/BoundMethodHandle$Species_LLLLLLLLLLLLLLLLLLLLLLLLLLLLLL done
Event: 130.211 Loading class java/lang/invoke/BoundMethodHandle$Species_LLLLLLLLLLLLLLLLLLLLLLLLLLLLLLL
Event: 130.211 Loading class java/lang/invoke/BoundMethodHandle$Species_LLLLLLLLLLLLLLLLLLLLLLLLLLLLLLL done
Event: 130.216 Loading class java/lang/invoke/BoundMethodHandle$Species_LLLLLLLLLLLLLLLLLLLLLLLLLLLLLLLL
Event: 130.216 Loading class java/lang/invoke/BoundMethodHandle$Species_LLLLLLLLLLLLLLLLLLLLLLLLLLLLLLLL done

Classes unloaded (0 events):
No events

Classes redefined (0 events):
No events

Internal exceptions (20 events):
Event: 125.891 Thread 0x00000224e587ae40 Exception <a 'java/lang/NoSuchMethodError'{0x00000000eeaf6de8}: 'void java.lang.invoke.DirectMethodHandle$Holder.invokeSpecial(java.lang.Object, java.lang.Object, int)'> (0x00000000eeaf6de8) 
thrown [s\open\src\hotspot\share\interpreter\linkResolver.cpp, line 773]
Event: 125.892 Thread 0x00000224e587ae40 Exception <a 'java/lang/NoSuchMethodError'{0x00000000eeafb570}: 'void java.lang.invoke.Invokers$Holder.invokeExact_MT(java.lang.Object, int, java.lang.Object)'> (0x00000000eeafb570) 
thrown [s\open\src\hotspot\share\interpreter\linkResolver.cpp, line 773]
Event: 126.637 Thread 0x00000224e587ae40 Exception <a 'java/lang/NoSuchMethodError'{0x00000000ee736af0}: 'java.lang.Object java.lang.invoke.DirectMethodHandle$Holder.newInvokeSpecial(java.lang.Object, java.lang.Object, java.lang.Object, java.lang.Object, java.lang.Object, java.lang.Object, java.lang.Object, java.lang.Object, java.lang.Object, java.lang.Object, java.lang.Object)'> (0x00000000ee736af0) 
thrown [s\open\src\hotspot\share\interpreter\linkResolver.cpp, line 773]
Event: 127.469 Thread 0x00000224e587ae40 Exception <a 'java/lang/NoSuchMethodError'{0x00000000ee5b7298}: 'java.lang.Object java.lang.invoke.DirectMethodHandle$Holder.newInvokeSpecial(java.lang.Object, java.lang.Object, java.lang.Object, java.lang.Object, java.lang.Object, java.lang.Object, java.lang.Object, java.lang.Object, java.lang.Object, java.lang.Object, java.lang.Object, java.lang.Object)'> (0x00000000ee5b7298) 
thrown [s\open\src\hotspot\share\interpreter\linkResolver.cpp, line 773]
Event: 127.470 Thread 0x00000224e587ae40 Exception <a 'java/lang/NoSuchMethodError'{0x00000000ee5bc970}: 'java.lang.Object java.lang.invoke.Invokers$Holder.linkToTargetMethod(java.lang.Object, java.lang.Object, java.lang.Object, java.lang.Object, java.lang.Object, java.lang.Object, java.lang.Object, java.lang.Object, java.lang.Object, java.lang.Object, java.lang.Object, java.lang.Object)'> (0x00000000ee5bc970) 
thrown [s\open\src\hotspot\share\interpreter\linkResolver.cpp, line 773]
Event: 128.080 Thread 0x00000224e587ae40 Exception <a 'java/lang/NoSuchMethodError'{0x00000000ee48abd0}: 'java.lang.Object java.lang.invoke.DirectMethodHandle$Holder.newInvokeSpecial(java.lang.Object, java.lang.Object, java.lang.Object, java.lang.Object, java.lang.Object, java.lang.Object, java.lang.Object, java.lang.Object, java.lang.Object, java.lang.Object, java.lang.Object, java.lang.Object, java.lang.Object, java.lang.Object, java.lang.Object)'> (0x00000000ee48abd0) 
thrown [s\open\src\hotspot\share\interpreter\linkResolver.cpp, line 773]
Event: 128.082 Thread 0x00000224e587ae40 Exception <a 'java/lang/NoSuchMethodError'{0x00000000ee4911c8}: 'java.lang.Object java.lang.invoke.DirectMethodHandle$Holder.invokeSpecial(java.lang.Object, java.lang.Object, java.lang.Object, java.lang.Object, java.lang.Object, java.lang.Object, java.lang.Object, java.lang.Object, java.lang.Object, java.lang.Object, java.lang.Object, java.lang.Object, java.lang.Object, java.lang.Object, java.lang.Object, java.lang.Object)'> (0x00000000ee4911c8) 
thrown [s\open\src\hotspot\share\interpreter\linkResolver.cp
Event: 128.084 Thread 0x00000224e587ae40 Exception <a 'java/lang/NoSuchMethodError'{0x00000000ee4966e8}: 'java.lang.Object java.lang.invoke.DelegatingMethodHandle$Holder.reinvoke_L(java.lang.Object, java.lang.Object, java.lang.Object, java.lang.Object, java.lang.Object, java.lang.Object, java.lang.Object, java.lang.Object, java.lang.Object, java.lang.Object, java.lang.Object, java.lang.Object, java.lang.Object, java.lang.Object, java.lang.Object)'> (0x00000000ee4966e8) 
thrown [s\open\src\hotspot\share\interpreter\linkResolver.cpp, line 773]
Event: 130.114 Thread 0x00000224e587ae40 Exception <a 'java/lang/NoSuchMethodError'{0x00000000edd6fd90}: 'java.lang.Object java.lang.invoke.DelegatingMethodHandle$Holder.reinvoke_L(java.lang.Object, java.lang.Object, java.lang.Object, java.lang.Object, java.lang.Object, java.lang.Object, java.lang.Object, java.lang.Object, java.lang.Object, java.lang.Object, java.lang.Object, java.lang.Object, java.lang.Object, java.lang.Object, java.lang.Object, java.lang.Object, java.lang.Object, java.lang.Object, java.lang.Object, java.lang.Object, java.lang.O
Event: 130.128 Thread 0x00000224e587ae40 Exception <a 'java/lang/NoSuchMethodError'{0x00000000edc59958}: 'java.lang.Object java.lang.invoke.DirectMethodHandle$Holder.invokeStatic(java.lang.Object, java.lang.Object, java.lang.Object, java.lang.Object, java.lang.Object, java.lang.Object, java.lang.Object, java.lang.Object, java.lang.Object, java.lang.Object, java.lang.Object, java.lang.Object, java.lang.Object, java.lang.Object, java.lang.Object, java.lang.Object, java.lang.Object, java.lang.Object, java.lang.Object, java.lang.Object, java.lang.Obj
Event: 130.169 Thread 0x00000224e587ae40 Exception <a 'java/lang/NoSuchMethodError'{0x00000000edc90150}: 'java.lang.Object java.lang.invoke.DirectMethodHandle$Holder.invokeStatic(java.lang.Object, java.lang.Object, java.lang.Object, java.lang.Object, java.lang.Object, java.lang.Object, java.lang.Object, java.lang.Object, java.lang.Object, java.lang.Object, java.lang.Object, java.lang.Object, java.lang.Object, java.lang.Object, java.lang.Object, java.lang.Object, java.lang.Object, java.lang.Object, java.lang.Object, java.lang.Object, java.lang.Obj
Event: 130.195 Thread 0x00000224e587ae40 Exception <a 'java/lang/NoSuchMethodError'{0x00000000edcc80b0}: 'java.lang.Object java.lang.invoke.DirectMethodHandle$Holder.invokeStatic(java.lang.Object, java.lang.Object, java.lang.Object, java.lang.Object, java.lang.Object, java.lang.Object, java.lang.Object, java.lang.Object, java.lang.Object, java.lang.Object, java.lang.Object, java.lang.Object, java.lang.Object, java.lang.Object, java.lang.Object, java.lang.Object, java.lang.Object, java.lang.Object, java.lang.Object, java.lang.Object, java.lang.Obj
Event: 130.200 Thread 0x00000224e587ae40 Exception <a 'java/lang/NoSuchMethodError'{0x00000000edb01388}: 'java.lang.Object java.lang.invoke.DirectMethodHandle$Holder.invokeStatic(java.lang.Object, java.lang.Object, java.lang.Object, java.lang.Object, java.lang.Object, java.lang.Object, java.lang.Object, java.lang.Object, java.lang.Object, java.lang.Object, java.lang.Object, java.lang.Object, java.lang.Object, java.lang.Object, java.lang.Object, java.lang.Object, java.lang.Object, java.lang.Object, java.lang.Object, java.lang.Object, java.lang.Obj
Event: 130.205 Thread 0x00000224e587ae40 Exception <a 'java/lang/NoSuchMethodError'{0x00000000edb3cbe0}: 'java.lang.Object java.lang.invoke.DirectMethodHandle$Holder.invokeStatic(java.lang.Object, java.lang.Object, java.lang.Object, java.lang.Object, java.lang.Object, java.lang.Object, java.lang.Object, java.lang.Object, java.lang.Object, java.lang.Object, java.lang.Object, java.lang.Object, java.lang.Object, java.lang.Object, java.lang.Object, java.lang.Object, java.lang.Object, java.lang.Object, java.lang.Object, java.lang.Object, java.lang.Obj
Event: 130.209 Thread 0x00000224e587ae40 Exception <a 'java/lang/NoSuchMethodError'{0x00000000edb79678}: 'java.lang.Object java.lang.invoke.DirectMethodHandle$Holder.invokeStatic(java.lang.Object, java.lang.Object, java.lang.Object, java.lang.Object, java.lang.Object, java.lang.Object, java.lang.Object, java.lang.Object, java.lang.Object, java.lang.Object, java.lang.Object, java.lang.Object, java.lang.Object, java.lang.Object, java.lang.Object, java.lang.Object, java.lang.Object, java.lang.Object, java.lang.Object, java.lang.Object, java.lang.Obj
Event: 130.214 Thread 0x00000224e587ae40 Exception <a 'java/lang/NoSuchMethodError'{0x00000000edbb7700}: 'java.lang.Object java.lang.invoke.DirectMethodHandle$Holder.invokeStatic(java.lang.Object, java.lang.Object, java.lang.Object, java.lang.Object, java.lang.Object, java.lang.Object, java.lang.Object, java.lang.Object, java.lang.Object, java.lang.Object, java.lang.Object, java.lang.Object, java.lang.Object, java.lang.Object, java.lang.Object, java.lang.Object, java.lang.Object, java.lang.Object, java.lang.Object, java.lang.Object, java.lang.Obj
Event: 130.218 Thread 0x00000224e587ae40 Exception <a 'java/lang/NoSuchMethodError'{0x00000000edbf7350}: 'java.lang.Object java.lang.invoke.DirectMethodHandle$Holder.invokeStatic(java.lang.Object, java.lang.Object, java.lang.Object, java.lang.Object, java.lang.Object, java.lang.Object, java.lang.Object, java.lang.Object, java.lang.Object, java.lang.Object, java.lang.Object, java.lang.Object, java.lang.Object, java.lang.Object, java.lang.Object, java.lang.Object, java.lang.Object, java.lang.Object, java.lang.Object, java.lang.Object, java.lang.Obj
Event: 130.262 Thread 0x00000224e587ae40 Exception <a 'java/lang/NoSuchMethodError'{0x00000000edac94b8}: 'java.lang.Object java.lang.invoke.DirectMethodHandle$Holder.newInvokeSpecial(java.lang.Object, java.lang.Object, java.lang.Object, java.lang.Object, java.lang.Object, java.lang.Object, java.lang.Object, java.lang.Object, java.lang.Object, java.lang.Object, java.lang.Object, java.lang.Object, java.lang.Object, java.lang.Object, java.lang.Object, java.lang.Object, java.lang.Object, java.lang.Object, java.lang.Object)'> (0x00000000edac94b8) 
thr
Event: 130.263 Thread 0x00000224e587ae40 Exception <a 'java/lang/NoSuchMethodError'{0x00000000edad00a0}: 'java.lang.Object java.lang.invoke.DirectMethodHandle$Holder.invokeSpecial(java.lang.Object, java.lang.Object, java.lang.Object, java.lang.Object, java.lang.Object, java.lang.Object, java.lang.Object, java.lang.Object, java.lang.Object, java.lang.Object, java.lang.Object, java.lang.Object, java.lang.Object, java.lang.Object, java.lang.Object, java.lang.Object, java.lang.Object, java.lang.Object, java.lang.Object, java.lang.Object)'> (0x0000000
Event: 130.263 Thread 0x00000224e587ae40 Exception <a 'java/lang/NoSuchMethodError'{0x00000000edad58e0}: 'java.lang.Object java.lang.invoke.DelegatingMethodHandle$Holder.reinvoke_L(java.lang.Object, java.lang.Object, java.lang.Object, java.lang.Object, java.lang.Object, java.lang.Object, java.lang.Object, java.lang.Object, java.lang.Object, java.lang.Object, java.lang.Object, java.lang.Object, java.lang.Object, java.lang.Object, java.lang.Object, java.lang.Object, java.lang.Object, java.lang.Object, java.lang.Object)'> (0x00000000edad58e0) 
throw

ZGC Phase Switch (0 events):
No events

VM Operations (20 events):
Event: 120.663 Executing VM operation: HandshakeAllThreads (HandshakeForDeflation)
Event: 120.764 Executing VM operation: HandshakeAllThreads (HandshakeForDeflation) done
Event: 120.764 Executing VM operation: RendezvousGCThreads
Event: 120.764 Executing VM operation: RendezvousGCThreads done
Event: 121.168 Executing VM operation: HandshakeAllThreads (Deoptimize)
Event: 121.168 Executing VM operation: HandshakeAllThreads (Deoptimize) done
Event: 121.168 Executing VM operation: Cleanup
Event: 121.168 Executing VM operation: Cleanup done
Event: 122.183 Executing VM operation: Cleanup
Event: 122.423 Executing VM operation: Cleanup done
Event: 123.431 Executing VM operation: Cleanup
Event: 123.517 Executing VM operation: Cleanup done
Event: 126.539 Executing VM operation: Cleanup
Event: 126.735 Executing VM operation: Cleanup done
Event: 127.744 Executing VM operation: Cleanup
Event: 127.744 Executing VM operation: Cleanup done
Event: 128.758 Executing VM operation: Cleanup
Event: 128.980 Executing VM operation: Cleanup done
Event: 129.987 Executing VM operation: Cleanup
Event: 130.101 Executing VM operation: Cleanup done

Events (20 events):
Event: 92.357 Thread 0x00000224cae9fb90 flushing nmethod 0x00000224c023dc90
Event: 92.357 Thread 0x00000224cae9fb90 flushing nmethod 0x00000224c023cf90
Event: 92.357 Thread 0x00000224cae9fb90 flushing nmethod 0x00000224c023cb10
Event: 92.357 Thread 0x00000224cae9fb90 flushing nmethod 0x00000224c023a110
Event: 92.357 Thread 0x00000224cae9fb90 flushing nmethod 0x00000224c0239690
Event: 92.357 Thread 0x00000224cae9fb90 flushing nmethod 0x00000224c0238a10
Event: 92.357 Thread 0x00000224cae9fb90 flushing nmethod 0x00000224c0237f90
Event: 92.357 Thread 0x00000224cae9fb90 flushing nmethod 0x00000224c0236d90
Event: 92.357 Thread 0x00000224cae9fb90 flushing nmethod 0x00000224c022e710
Event: 92.357 Thread 0x00000224cae9fb90 flushing nmethod 0x00000224c022d810
Event: 92.357 Thread 0x00000224cae9fb90 flushing nmethod 0x00000224c0229c10
Event: 92.357 Thread 0x00000224cae9fb90 flushing nmethod 0x00000224c0223c10
Event: 92.357 Thread 0x00000224cae9fb90 flushing nmethod 0x00000224c0229390
Event: 92.357 Thread 0x00000224cae9fb90 flushing nmethod 0x00000224c0228490
Event: 92.357 Thread 0x00000224cae9fb90 flushing nmethod 0x00000224c0224290
Event: 100.082 Thread 0x00000224e5a93630 Thread added: 0x00000224e5a93630
Event: 121.230 Thread 0x00000224e4255550 Thread added: 0x00000224e4255550
Event: 121.791 Thread 0x00000224e4255550 Thread exited: 0x00000224e4255550
Event: 127.884 Thread 0x00000224e7a0cdc0 Thread added: 0x00000224e7a0cdc0
Event: 129.739 Thread 0x00000224e7a13030 Thread added: 0x00000224e7a13030


Dynamic libraries:
0x00007ff6d9810000 - 0x00007ff6d9820000 	C:\Program Files\Java\jdk-21\bin\java.exe
0x00007ff9f3c30000 - 0x00007ff9f3e28000 	C:\WINDOWS\SYSTEM32\ntdll.dll
0x00007ff9f3360000 - 0x00007ff9f3422000 	C:\WINDOWS\System32\KERNEL32.DLL
0x00007ff9f13f0000 - 0x00007ff9f16e6000 	C:\WINDOWS\System32\KERNELBASE.dll
0x00007ff9f16f0000 - 0x00007ff9f17f0000 	C:\WINDOWS\System32\ucrtbase.dll
0x00007ff9cc870000 - 0x00007ff9cc88b000 	C:\Program Files\Java\jdk-21\bin\VCRUNTIME140.dll
0x00007ff9d8a20000 - 0x00007ff9d8a39000 	C:\Program Files\Java\jdk-21\bin\jli.dll
0x00007ff9f3b30000 - 0x00007ff9f3be1000 	C:\WINDOWS\System32\ADVAPI32.dll
0x00007ff9f2960000 - 0x00007ff9f29fe000 	C:\WINDOWS\System32\msvcrt.dll
0x00007ff9f2a60000 - 0x00007ff9f2aff000 	C:\WINDOWS\System32\sechost.dll
0x00007ff9f2510000 - 0x00007ff9f2630000 	C:\WINDOWS\System32\RPCRT4.dll
0x00007ff9f17f0000 - 0x00007ff9f1817000 	C:\WINDOWS\System32\bcrypt.dll
0x00007ff9f2b00000 - 0x00007ff9f2ca1000 	C:\WINDOWS\System32\USER32.dll
0x00007ff9f1820000 - 0x00007ff9f1842000 	C:\WINDOWS\System32\win32u.dll
0x00007ff9f2730000 - 0x00007ff9f275b000 	C:\WINDOWS\System32\GDI32.dll
0x00007ff9f19b0000 - 0x00007ff9f1ac9000 	C:\WINDOWS\System32\gdi32full.dll
0x00007ff9f1bb0000 - 0x00007ff9f1c4d000 	C:\WINDOWS\System32\msvcp_win.dll
0x00007ff9f0750000 - 0x00007ff9f09eb000 	C:\WINDOWS\WinSxS\amd64_microsoft.windows.common-controls_6595b64144ccf1df_6.0.19041.6456_none_60b8a6cb71f64256\COMCTL32.dll
0x00007ff9e9000000 - 0x00007ff9e900a000 	C:\WINDOWS\SYSTEM32\VERSION.dll
0x00007ff9f24e0000 - 0x00007ff9f250f000 	C:\WINDOWS\System32\IMM32.DLL
0x00007ff9ea150000 - 0x00007ff9ea15c000 	C:\Program Files\Java\jdk-21\bin\vcruntime140_1.dll
0x00007ff9bd4c0000 - 0x00007ff9bd54e000 	C:\Program Files\Java\jdk-21\bin\msvcp140.dll
0x00007ff97da10000 - 0x00007ff97e727000 	C:\Program Files\Java\jdk-21\bin\server\jvm.dll
0x00007ff9f32f0000 - 0x00007ff9f335b000 	C:\WINDOWS\System32\WS2_32.dll
0x00007ff9f1070000 - 0x00007ff9f10bb000 	C:\WINDOWS\SYSTEM32\POWRPROF.dll
0x00007ff9dcd10000 - 0x00007ff9dcd37000 	C:\WINDOWS\SYSTEM32\WINMM.dll
0x00007ff9f1050000 - 0x00007ff9f1062000 	C:\WINDOWS\SYSTEM32\UMPDC.dll
0x00007ff9ef3f0000 - 0x00007ff9ef402000 	C:\WINDOWS\SYSTEM32\kernel.appcore.dll
0x00007ff9e7f10000 - 0x00007ff9e7f1a000 	C:\Program Files\Java\jdk-21\bin\jimage.dll
0x00007ff9f0c00000 - 0x00007ff9f0e01000 	C:\WINDOWS\SYSTEM32\DBGHELP.DLL
0x00007ff9f0bc0000 - 0x00007ff9f0bf4000 	C:\WINDOWS\SYSTEM32\dbgcore.DLL
0x00007ff9f1ad0000 - 0x00007ff9f1b52000 	C:\WINDOWS\System32\bcryptPrimitives.dll
0x00007ff9e7c40000 - 0x00007ff9e7c4f000 	C:\Program Files\Java\jdk-21\bin\instrument.dll
0x00007ff9cc850000 - 0x00007ff9cc86f000 	C:\Program Files\Java\jdk-21\bin\java.dll
0x00007ff9f1c50000 - 0x00007ff9f23c0000 	C:\WINDOWS\System32\SHELL32.dll
0x00007ff9eea80000 - 0x00007ff9ef225000 	C:\WINDOWS\SYSTEM32\windows.storage.dll
0x00007ff9f2f90000 - 0x00007ff9f32e4000 	C:\WINDOWS\System32\combase.dll
0x00007ff9f0470000 - 0x00007ff9f049b000 	C:\WINDOWS\SYSTEM32\Wldp.dll
0x00007ff9f2660000 - 0x00007ff9f272d000 	C:\WINDOWS\System32\OLEAUT32.dll
0x00007ff9f2430000 - 0x00007ff9f24dd000 	C:\WINDOWS\System32\SHCORE.dll
0x00007ff9f3ad0000 - 0x00007ff9f3b2b000 	C:\WINDOWS\System32\shlwapi.dll
0x00007ff9f11f0000 - 0x00007ff9f1214000 	C:\WINDOWS\SYSTEM32\profapi.dll
0x00007ff9a6b10000 - 0x00007ff9a6be7000 	C:\Program Files\Java\jdk-21\bin\jsvml.dll
0x00007ff9ca860000 - 0x00007ff9ca878000 	C:\Program Files\Java\jdk-21\bin\zip.dll
0x00007ff9e5060000 - 0x00007ff9e5070000 	C:\Program Files\Java\jdk-21\bin\net.dll
0x00007ff9edab0000 - 0x00007ff9edbba000 	C:\WINDOWS\SYSTEM32\WINHTTP.dll
0x00007ff9f0250000 - 0x00007ff9f02ba000 	C:\WINDOWS\system32\mswsock.dll
0x00007ff9c9ec0000 - 0x00007ff9c9ed6000 	C:\Program Files\Java\jdk-21\bin\nio.dll
0x00007ff9e5020000 - 0x00007ff9e5030000 	C:\Program Files\Java\jdk-21\bin\verify.dll
0x00007ff9cc890000 - 0x00007ff9cc8b7000 	C:\Users\DAMIN\.gradle\native\1def1411415f61bf3af743bc5b6707747c0891f09f0c88961ee8f79bc544acac\windows-amd64\native-platform.dll
0x00007ff9b4770000 - 0x00007ff9b47e8000 	C:\Users\DAMIN\.gradle\native\0.2.7\x86_64-windows-gnu\gradle-fileevents.dll
0x00007ff9e4f40000 - 0x00007ff9e4f4a000 	C:\Program Files\Java\jdk-21\bin\management.dll
0x00007ff9db3d0000 - 0x00007ff9db3db000 	C:\Program Files\Java\jdk-21\bin\management_ext.dll
0x00007ff9f2630000 - 0x00007ff9f2638000 	C:\WINDOWS\System32\PSAPI.DLL
0x00007ff9eff50000 - 0x00007ff9eff8b000 	C:\WINDOWS\SYSTEM32\IPHLPAPI.DLL
0x00007ff9f28f0000 - 0x00007ff9f28f8000 	C:\WINDOWS\System32\NSI.dll
0x00007ff9d50d0000 - 0x00007ff9d50d9000 	C:\Program Files\Java\jdk-21\bin\extnet.dll
0x00007ff9f0fc0000 - 0x00007ff9f0fd8000 	C:\WINDOWS\SYSTEM32\CRYPTSP.dll
0x00007ff9efbf0000 - 0x00007ff9efc28000 	C:\WINDOWS\system32\rsaenh.dll
0x00007ff9f1170000 - 0x00007ff9f119e000 	C:\WINDOWS\SYSTEM32\USERENV.dll
0x00007ff9f03e0000 - 0x00007ff9f03ec000 	C:\WINDOWS\SYSTEM32\CRYPTBASE.dll
0x00007ff9cbb50000 - 0x00007ff9cbb5e000 	C:\Program Files\Java\jdk-21\bin\sunmscapi.dll
0x00007ff9f1850000 - 0x00007ff9f19ad000 	C:\WINDOWS\System32\CRYPT32.dll
0x00007ff9f05c0000 - 0x00007ff9f05e7000 	C:\WINDOWS\SYSTEM32\ncrypt.dll
0x00007ff9f0580000 - 0x00007ff9f05bb000 	C:\WINDOWS\SYSTEM32\NTASN1.dll
0x00007ff9ea220000 - 0x00007ff9ea227000 	C:\WINDOWS\system32\wshunix.dll

dbghelp: loaded successfully - version: 4.0.5 - missing functions: none
symbol engine: initialized successfully - sym options: 0x614 - pdb path: .;C:\Program Files\Java\jdk-21\bin;C:\WINDOWS\SYSTEM32;C:\WINDOWS\WinSxS\amd64_microsoft.windows.common-controls_6595b64144ccf1df_6.0.19041.6456_none_60b8a6cb71f64256;C:\Program Files\Java\jdk-21\bin\server;C:\Users\DAMIN\.gradle\native\1def1411415f61bf3af743bc5b6707747c0891f09f0c88961ee8f79bc544acac\windows-amd64;C:\Users\DAMIN\.gradle\native\0.2.7\x86_64-windows-gnu

VM Arguments:
jvm_args: --add-opens=java.base/java.lang=ALL-UNNAMED --add-opens=java.base/java.lang.invoke=ALL-UNNAMED --add-opens=java.base/java.util=ALL-UNNAMED --add-opens=java.prefs/java.util.prefs=ALL-UNNAMED --add-exports=jdk.compiler/com.sun.tools.javac.api=ALL-UNNAMED --add-exports=jdk.compiler/com.sun.tools.javac.util=ALL-UNNAMED --add-opens=java.base/java.util=ALL-UNNAMED --add-opens=java.prefs/java.util.prefs=ALL-UNNAMED --add-opens=java.base/java.nio.charset=ALL-UNNAMED --add-opens=java.base/java.net=ALL-UNNAMED --add-opens=java.base/java.util.concurrent.atomic=ALL-UNNAMED --add-opens=java.xml/javax.xml.namespace=ALL-UNNAMED -XX:MaxMetaspaceSize=384m -XX:+HeapDumpOnOutOfMemoryError -Xms256m -Xmx512m -Dfile.encoding=UTF-8 -Duser.country=KR -Duser.language=ko -Duser.variant -javaagent:C:\Users\DAMIN\.gradle\wrapper\dists\gradle-8.14.3-bin\cv11ve7ro1n3o1j4so8xd9n66\gradle-8.14.3\lib\agents\gradle-instrumentation-agent-8.14.3.jar 
java_command: org.gradle.launcher.daemon.bootstrap.GradleDaemon 8.14.3
java_class_path (initial): C:\Users\DAMIN\.gradle\wrapper\dists\gradle-8.14.3-bin\cv11ve7ro1n3o1j4so8xd9n66\gradle-8.14.3\lib\gradle-daemon-main-8.14.3.jar
Launcher Type: SUN_STANDARD

[Global flags]
     intx CICompilerCount                          = 4                                         {product} {ergonomic}
   size_t CompressedClassSpaceSize                 = 335544320                                 {product} {ergonomic}
     uint ConcGCThreads                            = 2                                         {product} {ergonomic}
     uint G1ConcRefinementThreads                  = 8                                         {product} {ergonomic}
   size_t G1HeapRegionSize                         = 1048576                                   {product} {ergonomic}
    uintx GCDrainStackTargetSize                   = 64                                        {product} {ergonomic}
     bool HeapDumpOnOutOfMemoryError               = true                                   {manageable} {command line}
   size_t InitialHeapSize                          = 268435456                                 {product} {command line}
   size_t MarkStackSize                            = 4194304                                   {product} {ergonomic}
   size_t MaxHeapSize                              = 536870912                                 {product} {command line}
   size_t MaxMetaspaceSize                         = 402653184                                 {product} {command line}
   size_t MaxNewSize                               = 321912832                                 {product} {ergonomic}
   size_t MinHeapDeltaBytes                        = 1048576                                   {product} {ergonomic}
   size_t MinHeapSize                              = 268435456                                 {product} {command line}
    uintx NonNMethodCodeHeapSize                   = 5839372                                {pd product} {ergonomic}
    uintx NonProfiledCodeHeapSize                  = 122909434                              {pd product} {ergonomic}
    uintx ProfiledCodeHeapSize                     = 122909434                              {pd product} {ergonomic}
    uintx ReservedCodeCacheSize                    = 251658240                              {pd product} {ergonomic}
     bool SegmentedCodeCache                       = true                                      {product} {ergonomic}
   size_t SoftMaxHeapSize                          = 536870912                              {manageable} {ergonomic}
     bool UseCompressedOops                        = true                           {product lp64_product} {ergonomic}
     bool UseG1GC                                  = true                                      {product} {ergonomic}
     bool UseLargePagesIndividualAllocation        = false                                  {pd product} {ergonomic}

Logging:
Log output configuration:
 #0: stdout all=warning uptime,level,tags foldmultilines=false
 #1: stderr all=off uptime,level,tags foldmultilines=false

Environment Variables:
JAVA_HOME=C:\Program Files\Java\jdk-21
PATH=C:\app\DAMIN\product\21c\dbhomeXE\bin;C:\Program Files (x86)\VMware\VMware Player\bin\;C:\Program Files\Java\jdk-21\bin;C:\Program Files\Common Files\Oracle\Java\javapath;C:\WINDOWS\system32;C:\WINDOWS;C:\WINDOWS\System32\Wbem;C:\WINDOWS\System32\WindowsPowerShell\v1.0\;C:\WINDOWS\System32\OpenSSH\;C:\Program Files\Microsoft SQL Server\130\Tools\Binn\;C:\Program Files (x86)\PuTTY\;C:\Program Files\dotnet\;C:\Program Files\Git\cmd;C:\Program Files\Go\bin;C:\Program Files\Java\jdk-21;C:\Program Files\nodejs\;C:\Program Files\MySQL\MySQL Server 8.0\bin;c:\Users\DAMIN\AppData\Local\Programs\cursor\resources\app\bin;C:\Users\DAMIN\AppData\Local\Android\Sdk\platform-tools;C:\Users\DAMIN\AppData\Local\Programs\Python\Python310\Scripts\;C:\Users\DAMIN\AppData\Local\Programs\Python\Python310\;C:\Users\DAMIN\AppData\Local\Programs\Python\Python38-32\Scripts\;C:\Users\DAMIN\AppData\Local\Programs\Python\Python38-32\;C:\Users\DAMIN\AppData\Local\Microsoft\WindowsApps;C:\Users\DAMIN\.dotnet\tools;;C:\Users\DAMIN\Desktop\Microsoft VS Code\bin;C:\Users\DAMIN\go\bin;C:\Users\DAMIN\AppData\Local\afreeca;C:\Users\DAMIN\AppData\Roaming\npm;C:\Program Files\JetBrains\IntelliJ IDEA 2024.2.4\bin;;C:\Users\DAMIN\AppData\Local\Programs\cursor\resources\app\bin
USERNAME=DAMIN
TMPDIR=C:\Users\Public\Documents\ESTsoft\CreatorTemp
OS=Windows_NT
PROCESSOR_IDENTIFIER=Intel64 Family 6 Model 142 Stepping 12, GenuineIntel
TMP=C:\Users\DAMIN\AppData\Local\Temp
TEMP=C:\Users\DAMIN\AppData\Local\Temp




Periodic native trim disabled

---------------  S Y S T E M  ---------------

OS:
 Windows 10 , 64 bit Build 19041 (10.0.19041.5915)
OS uptime: 1 days 2:57 hours
Hyper-V role detected

CPU: total 8 (initial active 8) (4 cores per cpu, 2 threads per core) family 6 model 142 stepping 12 microcode 0xc0, cx8, cmov, fxsr, ht, mmx, 3dnowpref, sse, sse2, sse3, ssse3, sse4.1, sse4.2, popcnt, lzcnt, tsc, tscinvbit, avx, avx2, aes, erms, clmul, bmi1, bmi2, adx, fma, vzeroupper, clflush, clflushopt, hv, rdtscp, f16c
Processor Information for all 8 processors :
  Max Mhz: 2112, Current Mhz: 1609, Mhz Limit: 1605

Memory: 4k page, system-wide physical 16163M (1235M free)
TotalPageFile size 28163M (AvailPageFile size 80M)
current process WorkingSet (physical memory assigned to process): 292M, peak: 297M
current process commit charge ("private bytes"): 442M, peak: 447M

vm_info: Java HotSpot(TM) 64-Bit Server VM (21.0.2+13-LTS-58) for windows-amd64 JRE (21.0.2+13-LTS-58), built on 2024-01-05T18:32:24Z by "mach5one" with MS VC++ 17.1 (VS2022)

END.
